Archive member included to satisfy reference by file (symbol)

/opt/st/stm32cubeide_1.9.0/plugins/com.st.stm32cube.ide.mcu.externaltools.gnu-tools-for-stm32.10.3-2021.10.linux64_1.0.0.202111181127/tools/bin/../lib/gcc/arm-none-eabi/10.3.1/../../../../arm-none-eabi/lib/thumb/v7e-m+fp/hard/libc_nano.a(lib_a-errno.o)
                              ./Core/Src/syscalls.o (__errno)
/opt/st/stm32cubeide_1.9.0/plugins/com.st.stm32cube.ide.mcu.externaltools.gnu-tools-for-stm32.10.3-2021.10.linux64_1.0.0.202111181127/tools/bin/../lib/gcc/arm-none-eabi/10.3.1/../../../../arm-none-eabi/lib/thumb/v7e-m+fp/hard/libc_nano.a(lib_a-exit.o)
                              /opt/st/stm32cubeide_1.9.0/plugins/com.st.stm32cube.ide.mcu.externaltools.gnu-tools-for-stm32.10.3-2021.10.linux64_1.0.0.202111181127/tools/bin/../lib/gcc/arm-none-eabi/10.3.1/../../../../arm-none-eabi/lib/thumb/v7e-m+fp/hard/crt0.o (exit)
/opt/st/stm32cubeide_1.9.0/plugins/com.st.stm32cube.ide.mcu.externaltools.gnu-tools-for-stm32.10.3-2021.10.linux64_1.0.0.202111181127/tools/bin/../lib/gcc/arm-none-eabi/10.3.1/../../../../arm-none-eabi/lib/thumb/v7e-m+fp/hard/libc_nano.a(lib_a-impure.o)
                              /opt/st/stm32cubeide_1.9.0/plugins/com.st.stm32cube.ide.mcu.externaltools.gnu-tools-for-stm32.10.3-2021.10.linux64_1.0.0.202111181127/tools/bin/../lib/gcc/arm-none-eabi/10.3.1/../../../../arm-none-eabi/lib/thumb/v7e-m+fp/hard/libc_nano.a(lib_a-exit.o) (_global_impure_ptr)
/opt/st/stm32cubeide_1.9.0/plugins/com.st.stm32cube.ide.mcu.externaltools.gnu-tools-for-stm32.10.3-2021.10.linux64_1.0.0.202111181127/tools/bin/../lib/gcc/arm-none-eabi/10.3.1/../../../../arm-none-eabi/lib/thumb/v7e-m+fp/hard/libc_nano.a(lib_a-init.o)
                              /opt/st/stm32cubeide_1.9.0/plugins/com.st.stm32cube.ide.mcu.externaltools.gnu-tools-for-stm32.10.3-2021.10.linux64_1.0.0.202111181127/tools/bin/../lib/gcc/arm-none-eabi/10.3.1/../../../../arm-none-eabi/lib/thumb/v7e-m+fp/hard/crt0.o (__libc_init_array)
/opt/st/stm32cubeide_1.9.0/plugins/com.st.stm32cube.ide.mcu.externaltools.gnu-tools-for-stm32.10.3-2021.10.linux64_1.0.0.202111181127/tools/bin/../lib/gcc/arm-none-eabi/10.3.1/../../../../arm-none-eabi/lib/thumb/v7e-m+fp/hard/libc_nano.a(lib_a-memset.o)
                              /opt/st/stm32cubeide_1.9.0/plugins/com.st.stm32cube.ide.mcu.externaltools.gnu-tools-for-stm32.10.3-2021.10.linux64_1.0.0.202111181127/tools/bin/../lib/gcc/arm-none-eabi/10.3.1/../../../../arm-none-eabi/lib/thumb/v7e-m+fp/hard/crt0.o (memset)
/opt/st/stm32cubeide_1.9.0/plugins/com.st.stm32cube.ide.mcu.externaltools.gnu-tools-for-stm32.10.3-2021.10.linux64_1.0.0.202111181127/tools/bin/../lib/gcc/arm-none-eabi/10.3.1/thumb/v7e-m+fp/hard/libgcc.a(_arm_muldf3.o)
                              ./Core/Src/servo.o (__aeabi_dmul)
/opt/st/stm32cubeide_1.9.0/plugins/com.st.stm32cube.ide.mcu.externaltools.gnu-tools-for-stm32.10.3-2021.10.linux64_1.0.0.202111181127/tools/bin/../lib/gcc/arm-none-eabi/10.3.1/thumb/v7e-m+fp/hard/libgcc.a(_arm_addsubdf3.o)
                              ./Core/Src/servo.o (__aeabi_dsub)
/opt/st/stm32cubeide_1.9.0/plugins/com.st.stm32cube.ide.mcu.externaltools.gnu-tools-for-stm32.10.3-2021.10.linux64_1.0.0.202111181127/tools/bin/../lib/gcc/arm-none-eabi/10.3.1/thumb/v7e-m+fp/hard/libgcc.a(_arm_muldivdf3.o)
                              ./Core/Src/servo.o (__aeabi_ddiv)
/opt/st/stm32cubeide_1.9.0/plugins/com.st.stm32cube.ide.mcu.externaltools.gnu-tools-for-stm32.10.3-2021.10.linux64_1.0.0.202111181127/tools/bin/../lib/gcc/arm-none-eabi/10.3.1/thumb/v7e-m+fp/hard/libgcc.a(_arm_fixunsdfsi.o)
                              ./Core/Src/servo.o (__aeabi_d2uiz)
/opt/st/stm32cubeide_1.9.0/plugins/com.st.stm32cube.ide.mcu.externaltools.gnu-tools-for-stm32.10.3-2021.10.linux64_1.0.0.202111181127/tools/bin/../lib/gcc/arm-none-eabi/10.3.1/thumb/v7e-m+fp/hard/libgcc.a(_arm_truncdfsf2.o)
                              ./Core/Src/servo.o (__aeabi_d2f)

Discarded input sections

 .text          0x0000000000000000        0x0 /opt/st/stm32cubeide_1.9.0/plugins/com.st.stm32cube.ide.mcu.externaltools.gnu-tools-for-stm32.10.3-2021.10.linux64_1.0.0.202111181127/tools/bin/../lib/gcc/arm-none-eabi/10.3.1/thumb/v7e-m+fp/hard/crti.o
 .data          0x0000000000000000        0x0 /opt/st/stm32cubeide_1.9.0/plugins/com.st.stm32cube.ide.mcu.externaltools.gnu-tools-for-stm32.10.3-2021.10.linux64_1.0.0.202111181127/tools/bin/../lib/gcc/arm-none-eabi/10.3.1/thumb/v7e-m+fp/hard/crti.o
 .bss           0x0000000000000000        0x0 /opt/st/stm32cubeide_1.9.0/plugins/com.st.stm32cube.ide.mcu.externaltools.gnu-tools-for-stm32.10.3-2021.10.linux64_1.0.0.202111181127/tools/bin/../lib/gcc/arm-none-eabi/10.3.1/thumb/v7e-m+fp/hard/crti.o
 .data          0x0000000000000000        0x4 /opt/st/stm32cubeide_1.9.0/plugins/com.st.stm32cube.ide.mcu.externaltools.gnu-tools-for-stm32.10.3-2021.10.linux64_1.0.0.202111181127/tools/bin/../lib/gcc/arm-none-eabi/10.3.1/thumb/v7e-m+fp/hard/crtbegin.o
[...]
Memory Configuration

Name             Origin             Length             Attributes
CCMRAM           0x0000000010000000 0x0000000000001000 xrw
RAM              0x0000000020000000 0x0000000000003000 xrw
FLASH            0x0000000008000000 0x0000000000010000 xr
*default*        0x0000000000000000 0xffffffffffffffff

Linker script and memory map

LOAD /opt/st/stm32cubeide_1.9.0/plugins/com.st.stm32cube.ide.mcu.externaltools.gnu-tools-for-stm32.10.3-2021.10.linux64_1.0.0.202111181127/tools/bin/../lib/gcc/arm-none-eabi/10.3.1/thumb/v7e-m+fp/hard/crti.o
LOAD /opt/st/stm32cubeide_1.9.0/plugins/com.st.stm32cube.ide.mcu.externaltools.gnu-tools-for-stm32.10.3-2021.10.linux64_1.0.0.202111181127/tools/bin/../lib/gcc/arm-none-eabi/10.3.1/thumb/v7e-m+fp/hard/crtbegin.o
LOAD /opt/st/stm32cubeide_1.9.0/plugins/com.st.stm32cube.ide.mcu.externaltools.gnu-tools-for-stm32.10.3-2021.10.linux64_1.0.0.202111181127/tools/bin/../lib/gcc/arm-none-eabi/10.3.1/../../../../arm-none-eabi/lib/thumb/v7e-m+fp/hard/crt0.o
LOAD ./Core/Src/deplacementActionneur.o
LOAD ./Core/Src/main.o
LOAD ./Core/Src/motorActionneur.o
LOAD ./Core/Src/servo.o
LOAD ./Core/Src/stm32f3xx_hal_msp.o
LOAD ./Core/Src/stm32f3xx_it.o
LOAD ./Core/Src/syscalls.o
LOAD ./Core/Src/sysmem.o
LOAD ./Core/Src/system_stm32f3xx.o
LOAD ./Core/Src/variableActionneur.o
LOAD ./Core/Startup/startup_stm32f303k8tx.o
LOAD ./Drivers/STM32F3xx_HAL_Driver/Src/stm32f3xx_hal.o
LOAD ./Drivers/STM32F3xx_HAL_Driver/Src/stm32f3xx_hal_adc.o
LOAD ./Drivers/STM32F3xx_HAL_Driver/Src/stm32f3xx_hal_adc_ex.o
LOAD ./Drivers/STM32F3xx_HAL_Driver/Src/stm32f3xx_hal_cortex.o
LOAD ./Drivers/STM32F3xx_HAL_Driver/Src/stm32f3xx_hal_dma.o
LOAD ./Drivers/STM32F3xx_HAL_Driver/Src/stm32f3xx_hal_exti.o
LOAD ./Drivers/STM32F3xx_HAL_Driver/Src/stm32f3xx_hal_flash.o
LOAD ./Drivers/STM32F3xx_HAL_Driver/Src/stm32f3xx_hal_flash_ex.o
LOAD ./Drivers/STM32F3xx_HAL_Driver/Src/stm32f3xx_hal_gpio.o
LOAD ./Drivers/STM32F3xx_HAL_Driver/Src/stm32f3xx_hal_i2c.o
LOAD ./Drivers/STM32F3xx_HAL_Driver/Src/stm32f3xx_hal_i2c_ex.o
LOAD ./Drivers/STM32F3xx_HAL_Driver/Src/stm32f3xx_hal_pwr.o
LOAD ./Drivers/STM32F3xx_HAL_Driver/Src/stm32f3xx_hal_pwr_ex.o
LOAD ./Drivers/STM32F3xx_HAL_Driver/Src/stm32f3xx_hal_rcc.o
LOAD ./Drivers/STM32F3xx_HAL_Driver/Src/stm32f3xx_hal_rcc_ex.o
LOAD ./Drivers/STM32F3xx_HAL_Driver/Src/stm32f3xx_hal_tim.o
LOAD ./Drivers/STM32F3xx_HAL_Driver/Src/stm32f3xx_hal_tim_ex.o
START GROUP
LOAD /opt/st/stm32cubeide_1.9.0/plugins/com.st.stm32cube.ide.mcu.externaltools.gnu-tools-for-stm32.10.3-2021.10.linux64_1.0.0.202111181127/tools/bin/../lib/gcc/arm-none-eabi/10.3.1/../../../../arm-none-eabi/lib/thumb/v7e-m+fp/hard/libstdc++_nano.a
LOAD /opt/st/stm32cubeide_1.9.0/plugins/com.st.stm32cube.ide.mcu.externaltools.gnu-tools-for-stm32.10.3-2021.10.linux64_1.0.0.202111181127/tools/bin/../lib/gcc/arm-none-eabi/10.3.1/../../../../arm-none-eabi/lib/thumb/v7e-m+fp/hard/libsupc++_nano.a
END GROUP
LOAD /opt/st/stm32cubeide_1.9.0/plugins/com.st.stm32cube.ide.mcu.externaltools.gnu-tools-for-stm32.10.3-2021.10.linux64_1.0.0.202111181127/tools/bin/../lib/gcc/arm-none-eabi/10.3.1/../../../../arm-none-eabi/lib/thumb/v7e-m+fp/hard/libstdc++_nano.a
LOAD /opt/st/stm32cubeide_1.9.0/plugins/com.st.stm32cube.ide.mcu.externaltools.gnu-tools-for-stm32.10.3-2021.10.linux64_1.0.0.202111181127/tools/bin/../lib/gcc/arm-none-eabi/10.3.1/../../../../arm-none-eabi/lib/thumb/v7e-m+fp/hard/libm.a
LOAD /opt/st/stm32cubeide_1.9.0/plugins/com.st.stm32cube.ide.mcu.externaltools.gnu-tools-for-stm32.10.3-2021.10.linux64_1.0.0.202111181127/tools/bin/../lib/gcc/arm-none-eabi/10.3.1/../../../../arm-none-eabi/lib/thumb/v7e-m+fp/hard/libc_nano.a
START GROUP
LOAD /opt/st/stm32cubeide_1.9.0/plugins/com.st.stm32cube.ide.mcu.externaltools.gnu-tools-for-stm32.10.3-2021.10.linux64_1.0.0.202111181127/tools/bin/../lib/gcc/arm-none-eabi/10.3.1/thumb/v7e-m+fp/hard/libgcc.a
LOAD /opt/st/stm32cubeide_1.9.0/plugins/com.st.stm32cube.ide.mcu.externaltools.gnu-tools-for-stm32.10.3-2021.10.linux64_1.0.0.202111181127/tools/bin/../lib/gcc/arm-none-eabi/10.3.1/../../../../arm-none-eabi/lib/thumb/v7e-m+fp/hard/libc_nano.a
END GROUP
START GROUP
LOAD /opt/st/stm32cubeide_1.9.0/plugins/com.st.stm32cube.ide.mcu.externaltools.gnu-tools-for-stm32.10.3-2021.10.linux64_1.0.0.202111181127/tools/bin/../lib/gcc/arm-none-eabi/10.3.1/thumb/v7e-m+fp/hard/libgcc.a
LOAD /opt/st/stm32cubeide_1.9.0/plugins/com.st.stm32cube.ide.mcu.externaltools.gnu-tools-for-stm32.10.3-2021.10.linux64_1.0.0.202111181127/tools/bin/../lib/gcc/arm-none-eabi/10.3.1/../../../../arm-none-eabi/lib/thumb/v7e-m+fp/hard/libc_nano.a
LOAD /opt/st/stm32cubeide_1.9.0/plugins/com.st.stm32cube.ide.mcu.externaltools.gnu-tools-for-stm32.10.3-2021.10.linux64_1.0.0.202111181127/tools/bin/../lib/gcc/arm-none-eabi/10.3.1/../../../../arm-none-eabi/lib/thumb/v7e-m+fp/hard/libnosys.a
END GROUP
START GROUP
LOAD /opt/st/stm32cubeide_1.9.0/plugins/com.st.stm32cube.ide.mcu.externaltools.gnu-tools-for-stm32.10.3-2021.10.linux64_1.0.0.202111181127/tools/bin/../lib/gcc/arm-none-eabi/10.3.1/thumb/v7e-m+fp/hard/libgcc.a
LOAD /opt/st/stm32cubeide_1.9.0/plugins/com.st.stm32cube.ide.mcu.externaltools.gnu-tools-for-stm32.10.3-2021.10.linux64_1.0.0.202111181127/tools/bin/../lib/gcc/arm-none-eabi/10.3.1/../../../../arm-none-eabi/lib/thumb/v7e-m+fp/hard/libc_nano.a
LOAD /opt/st/stm32cubeide_1.9.0/plugins/com.st.stm32cube.ide.mcu.externaltools.gnu-tools-for-stm32.10.3-2021.10.linux64_1.0.0.202111181127/tools/bin/../lib/gcc/arm-none-eabi/10.3.1/../../../../arm-none-eabi/lib/thumb/v7e-m+fp/hard/libnosys.a
END GROUP
LOAD /opt/st/stm32cubeide_1.9.0/plugins/com.st.stm32cube.ide.mcu.externaltools.gnu-tools-for-stm32.10.3-2021.10.linux64_1.0.0.202111181127/tools/bin/../lib/gcc/arm-none-eabi/10.3.1/thumb/v7e-m+fp/hard/crtend.o
LOAD /opt/st/stm32cubeide_1.9.0/plugins/com.st.stm32cube.ide.mcu.externaltools.gnu-tools-for-stm32.10.3-2021.10.linux64_1.0.0.202111181127/tools/bin/../lib/gcc/arm-none-eabi/10.3.1/thumb/v7e-m+fp/hard/crtn.o
                0x0000000020003000                _estack = (ORIGIN (RAM) + LENGTH (RAM))
                0x0000000000000200                _Min_Heap_Size = 0x200
                0x0000000000000400                _Min_Stack_Size = 0x400

.isr_vector     0x0000000008000000      0x188
                0x0000000008000000                . = ALIGN (0x4)
 *(.isr_vector)
 .isr_vector    0x0000000008000000      0x188 ./Core/Startup/startup_stm32f303k8tx.o
                0x0000000008000000                g_pfnVectors
                0x0000000008000188                . = ALIGN (0x4)

.text           0x0000000008000188     0x4f28
                0x0000000008000188                . = ALIGN (0x4)
 *(.text)
 .text          0x0000000008000188       0x40 /opt/st/stm32cubeide_1.9.0/plugins/com.st.stm32cube.ide.mcu.externaltools.gnu-tools-for-stm32.10.3-2021.10.linux64_1.0.0.202111181127/tools/bin/../lib/gcc/arm-none-eabi/10.3.1/thumb/v7e-m+fp/hard/crtbegin.o
 *(.text*)
 .text.go_position
                0x00000000080001c8      0x110 ./Core/Src/deplacementActionneur.o
                0x00000000080001c8                go_position
 .text.main     0x00000000080002d8       0x9c ./Core/Src/main.o
                0x00000000080002d8                main
 .text.SystemClock_Config
                0x0000000008000374       0xb0 ./Core/Src/main.o
                0x0000000008000374                SystemClock_Config
 .text.MX_ADC1_Init
                0x0000000008000424       0xe0 ./Core/Src/main.o
 .text.MX_TIM2_Init
                0x0000000008000504       0xec ./Core/Src/main.o
 .text.MX_TIM3_Init
                0x00000000080005f0       0xf0 ./Core/Src/main.o
 .text.MX_DMA_Init
                0x00000000080006e0       0x3c ./Core/Src/main.o
 .text.MX_GPIO_Init
                0x000000000800071c       0xec ./Core/Src/main.o
 .text.Error_Handler
                0x0000000008000808        0xa ./Core/Src/main.o
                0x0000000008000808                Error_Handler
 *fill*         0x0000000008000812        0x2 
 .text.HAL_TIM_PeriodElapsedCallback
                0x0000000008000814      0x134 ./Core/Src/motorActionneur.o
                0x0000000008000814                HAL_TIM_PeriodElapsedCallback
 .text.start_generate
                0x0000000008000948       0x44 ./Core/Src/motorActionneur.o
                0x0000000008000948                start_generate
 .text.avance   0x000000000800098c       0x62 ./Core/Src/motorActionneur.o
                0x000000000800098c                avance
 .text.motor_step
                0x00000000080009ee       0x24 ./Core/Src/motorActionneur.o
                0x00000000080009ee                motor_step
 .text.motor_dir
                0x0000000008000a12       0x24 ./Core/Src/motorActionneur.o
                0x0000000008000a12                motor_dir
 *fill*         0x0000000008000a36        0x2 
 .text.HAL_MspInit
                0x0000000008000a38       0x48 ./Core/Src/stm32f3xx_hal_msp.o
                0x0000000008000a38                HAL_MspInit
 .text.HAL_ADC_MspInit
                0x0000000008000a80       0x7c ./Core/Src/stm32f3xx_hal_msp.o
                0x0000000008000a80                HAL_ADC_MspInit
 .text.HAL_TIM_Base_MspInit
                0x0000000008000afc       0xc8 ./Core/Src/stm32f3xx_hal_msp.o
                0x0000000008000afc                HAL_TIM_Base_MspInit
 .text.HAL_TIM_MspPostInit
                0x0000000008000bc4       0xb4 ./Core/Src/stm32f3xx_hal_msp.o
                0x0000000008000bc4                HAL_TIM_MspPostInit
 .text.NMI_Handler
                0x0000000008000c78        0x6 ./Core/Src/stm32f3xx_it.o
                0x0000000008000c78                NMI_Handler
 .text.HardFault_Handler
                0x0000000008000c7e        0x6 ./Core/Src/stm32f3xx_it.o
                0x0000000008000c7e                HardFault_Handler
 .text.MemManage_Handler
                0x0000000008000c84        0x6 ./Core/Src/stm32f3xx_it.o
                0x0000000008000c84                MemManage_Handler
 .text.BusFault_Handler
                0x0000000008000c8a        0x6 ./Core/Src/stm32f3xx_it.o
                0x0000000008000c8a                BusFault_Handler
 .text.UsageFault_Handler
                0x0000000008000c90        0x6 ./Core/Src/stm32f3xx_it.o
                0x0000000008000c90                UsageFault_Handler
 .text.SVC_Handler
                0x0000000008000c96        0xe ./Core/Src/stm32f3xx_it.o
                0x0000000008000c96                SVC_Handler
 .text.DebugMon_Handler
                0x0000000008000ca4        0xe ./Core/Src/stm32f3xx_it.o
                0x0000000008000ca4                DebugMon_Handler
 .text.PendSV_Handler
                0x0000000008000cb2        0xe ./Core/Src/stm32f3xx_it.o
                0x0000000008000cb2                PendSV_Handler
 .text.SysTick_Handler
                0x0000000008000cc0        0xc ./Core/Src/stm32f3xx_it.o
                0x0000000008000cc0                SysTick_Handler
 .text.DMA1_Channel2_IRQHandler
                0x0000000008000ccc       0x14 ./Core/Src/stm32f3xx_it.o
                0x0000000008000ccc                DMA1_Channel2_IRQHandler
 .text.TIM2_IRQHandler
                0x0000000008000ce0       0x14 ./Core/Src/stm32f3xx_it.o
                0x0000000008000ce0                TIM2_IRQHandler
 .text.SystemInit
                0x0000000008000cf4       0x24 ./Core/Src/system_stm32f3xx.o
                0x0000000008000cf4                SystemInit
 .text.get_length
                0x0000000008000d18       0x18 ./Core/Src/variableActionneur.o
                0x0000000008000d18                get_length
 .text.get_arr  0x0000000008000d30       0x14 ./Core/Src/variableActionneur.o
                0x0000000008000d30                get_arr
 .text.get_r_arr
                0x0000000008000d44       0x14 ./Core/Src/variableActionneur.o
                0x0000000008000d44                get_r_arr
 .text.get_deplacement_state
                0x0000000008000d58       0x18 ./Core/Src/variableActionneur.o
                0x0000000008000d58                get_deplacement_state
 .text.set_deplacement_state
                0x0000000008000d70       0x20 ./Core/Src/variableActionneur.o
                0x0000000008000d70                set_deplacement_state
 .text.get_position
                0x0000000008000d90       0x18 ./Core/Src/variableActionneur.o
                0x0000000008000d90                get_position
 .text.set_position
                0x0000000008000da8       0x20 ./Core/Src/variableActionneur.o
                0x0000000008000da8                set_position
 .text.get_next_position
                0x0000000008000dc8       0x18 ./Core/Src/variableActionneur.o
                0x0000000008000dc8                get_next_position
 .text.set_next_position
                0x0000000008000de0       0x20 ./Core/Src/variableActionneur.o
                0x0000000008000de0                set_next_position
 .text.get_target
                0x0000000008000e00       0x18 ./Core/Src/variableActionneur.o
                0x0000000008000e00                get_target
 .text.set_target
                0x0000000008000e18       0x20 ./Core/Src/variableActionneur.o
                0x0000000008000e18                set_target
 .text.reset_steps
                0x0000000008000e38       0x18 ./Core/Src/variableActionneur.o
                0x0000000008000e38                reset_steps
 .text.count_steps
                0x0000000008000e50       0x1c ./Core/Src/variableActionneur.o
                0x0000000008000e50                count_steps
 .text.get_steps
                0x0000000008000e6c       0x18 ./Core/Src/variableActionneur.o
                0x0000000008000e6c                get_steps
 .text.get_steps_left
                0x0000000008000e84       0x24 ./Core/Src/variableActionneur.o
                0x0000000008000e84                get_steps_left
 .text.Reset_Handler
                0x0000000008000ea8       0x50 ./Core/Startup/startup_stm32f303k8tx.o
                0x0000000008000ea8                Reset_Handler
 .text.Default_Handler
                0x0000000008000ef8        0x2 ./Core/Startup/startup_stm32f303k8tx.o
                0x0000000008000ef8                RTC_Alarm_IRQHandler
                0x0000000008000ef8                TIM1_CC_IRQHandler
                0x0000000008000ef8                PVD_IRQHandler
                0x0000000008000ef8                TAMP_STAMP_IRQHandler
                0x0000000008000ef8                EXTI3_IRQHandler
                0x0000000008000ef8                EXTI0_IRQHandler
                0x0000000008000ef8                FPU_IRQHandler
                0x0000000008000ef8                CAN_TX_IRQHandler
                0x0000000008000ef8                TIM1_UP_TIM16_IRQHandler
                0x0000000008000ef8                ADC1_2_IRQHandler
                0x0000000008000ef8                SPI1_IRQHandler
                0x0000000008000ef8                CAN_SCE_IRQHandler
                0x0000000008000ef8                DMA1_Channel4_IRQHandler
                0x0000000008000ef8                USART3_IRQHandler
                0x0000000008000ef8                DMA1_Channel7_IRQHandler
                0x0000000008000ef8                TIM7_DAC2_IRQHandler
                0x0000000008000ef8                CAN_RX1_IRQHandler
                0x0000000008000ef8                I2C1_EV_IRQHandler
                0x0000000008000ef8                DMA1_Channel6_IRQHandler
                0x0000000008000ef8                TIM3_IRQHandler
                0x0000000008000ef8                RCC_IRQHandler
                0x0000000008000ef8                DMA1_Channel1_IRQHandler
                0x0000000008000ef8                Default_Handler
                0x0000000008000ef8                EXTI15_10_IRQHandler
                0x0000000008000ef8                COMP2_IRQHandler
                0x0000000008000ef8                TIM6_DAC1_IRQHandler
                0x0000000008000ef8                EXTI9_5_IRQHandler
                0x0000000008000ef8                RTC_WKUP_IRQHandler
                0x0000000008000ef8                DMA1_Channel5_IRQHandler
                0x0000000008000ef8                EXTI4_IRQHandler
                0x0000000008000ef8                TIM1_TRG_COM_TIM17_IRQHandler
                0x0000000008000ef8                DMA1_Channel3_IRQHandler
                0x0000000008000ef8                WWDG_IRQHandler
                0x0000000008000ef8                EXTI1_IRQHandler
                0x0000000008000ef8                COMP4_6_IRQHandler
                0x0000000008000ef8                USART2_IRQHandler
                0x0000000008000ef8                FLASH_IRQHandler
                0x0000000008000ef8                USART1_IRQHandler
                0x0000000008000ef8                CAN_RX0_IRQHandler
                0x0000000008000ef8                I2C1_ER_IRQHandler
                0x0000000008000ef8                EXTI2_TSC_IRQHandler
                0x0000000008000ef8                TIM1_BRK_TIM15_IRQHandler
 *fill*         0x0000000008000efa        0x2 
 .text.HAL_Init
                0x0000000008000efc       0x2c ./Drivers/STM32F3xx_HAL_Driver/Src/stm32f3xx_hal.o
                0x0000000008000efc                HAL_Init
 .text.HAL_InitTick
                0x0000000008000f28       0x60 ./Drivers/STM32F3xx_HAL_Driver/Src/stm32f3xx_hal.o
                0x0000000008000f28                HAL_InitTick
 .text.HAL_IncTick
                0x0000000008000f88       0x28 ./Drivers/STM32F3xx_HAL_Driver/Src/stm32f3xx_hal.o
                0x0000000008000f88                HAL_IncTick
 .text.HAL_GetTick
                0x0000000008000fb0       0x18 ./Drivers/STM32F3xx_HAL_Driver/Src/stm32f3xx_hal.o
                0x0000000008000fb0                HAL_GetTick
 .text.HAL_ADC_Init
                0x0000000008000fc8      0x324 ./Drivers/STM32F3xx_HAL_Driver/Src/stm32f3xx_hal_adc_ex.o
                0x0000000008000fc8                HAL_ADC_Init
 .text.HAL_ADC_ConfigChannel
                0x00000000080012ec      0x580 ./Drivers/STM32F3xx_HAL_Driver/Src/stm32f3xx_hal_adc_ex.o
                0x00000000080012ec                HAL_ADC_ConfigChannel
 .text.HAL_ADCEx_MultiModeConfigChannel
                0x000000000800186c      0x18c ./Drivers/STM32F3xx_HAL_Driver/Src/stm32f3xx_hal_adc_ex.o
                0x000000000800186c                HAL_ADCEx_MultiModeConfigChannel
 .text.ADC_Disable
                0x00000000080019f8       0xcc ./Drivers/STM32F3xx_HAL_Driver/Src/stm32f3xx_hal_adc_ex.o
 .text.__NVIC_SetPriorityGrouping
                0x0000000008001ac4       0x48 ./Drivers/STM32F3xx_HAL_Driver/Src/stm32f3xx_hal_cortex.o
 .text.__NVIC_GetPriorityGrouping
                0x0000000008001b0c       0x1c ./Drivers/STM32F3xx_HAL_Driver/Src/stm32f3xx_hal_cortex.o
 .text.__NVIC_EnableIRQ
                0x0000000008001b28       0x3c ./Drivers/STM32F3xx_HAL_Driver/Src/stm32f3xx_hal_cortex.o
 .text.__NVIC_SetPriority
                0x0000000008001b64       0x54 ./Drivers/STM32F3xx_HAL_Driver/Src/stm32f3xx_hal_cortex.o
 .text.NVIC_EncodePriority
                0x0000000008001bb8       0x66 ./Drivers/STM32F3xx_HAL_Driver/Src/stm32f3xx_hal_cortex.o
 *fill*         0x0000000008001c1e        0x2 
 .text.SysTick_Config
                0x0000000008001c20       0x44 ./Drivers/STM32F3xx_HAL_Driver/Src/stm32f3xx_hal_cortex.o
 .text.HAL_NVIC_SetPriorityGrouping
                0x0000000008001c64       0x16 ./Drivers/STM32F3xx_HAL_Driver/Src/stm32f3xx_hal_cortex.o
                0x0000000008001c64                HAL_NVIC_SetPriorityGrouping
 .text.HAL_NVIC_SetPriority
                0x0000000008001c7a       0x38 ./Drivers/STM32F3xx_HAL_Driver/Src/stm32f3xx_hal_cortex.o
                0x0000000008001c7a                HAL_NVIC_SetPriority
 .text.HAL_NVIC_EnableIRQ
                0x0000000008001cb2       0x1c ./Drivers/STM32F3xx_HAL_Driver/Src/stm32f3xx_hal_cortex.o
                0x0000000008001cb2                HAL_NVIC_EnableIRQ
 .text.HAL_SYSTICK_Config
                0x0000000008001cce       0x18 ./Drivers/STM32F3xx_HAL_Driver/Src/stm32f3xx_hal_cortex.o
                0x0000000008001cce                HAL_SYSTICK_Config
 .text.HAL_DMA_Init
                0x0000000008001ce6       0x8e ./Drivers/STM32F3xx_HAL_Driver/Src/stm32f3xx_hal_dma.o
                0x0000000008001ce6                HAL_DMA_Init
 .text.HAL_DMA_Start_IT
                0x0000000008001d74       0xbe ./Drivers/STM32F3xx_HAL_Driver/Src/stm32f3xx_hal_dma.o
                0x0000000008001d74                HAL_DMA_Start_IT
 .text.HAL_DMA_Abort_IT
                0x0000000008001e32       0x7c ./Drivers/STM32F3xx_HAL_Driver/Src/stm32f3xx_hal_dma.o
                0x0000000008001e32                HAL_DMA_Abort_IT
 .text.HAL_DMA_IRQHandler
                0x0000000008001eae      0x146 ./Drivers/STM32F3xx_HAL_Driver/Src/stm32f3xx_hal_dma.o
                0x0000000008001eae                HAL_DMA_IRQHandler
 .text.DMA_SetConfig
                0x0000000008001ff4       0x5c ./Drivers/STM32F3xx_HAL_Driver/Src/stm32f3xx_hal_dma.o
 .text.DMA_CalcBaseAndBitshift
                0x0000000008002050       0x40 ./Drivers/STM32F3xx_HAL_Driver/Src/stm32f3xx_hal_dma.o
 .text.HAL_GPIO_Init
                0x0000000008002090      0x2e4 ./Drivers/STM32F3xx_HAL_Driver/Src/stm32f3xx_hal_gpio.o
                0x0000000008002090                HAL_GPIO_Init
 .text.HAL_GPIO_WritePin
                0x0000000008002374       0x30 ./Drivers/STM32F3xx_HAL_Driver/Src/stm32f3xx_hal_gpio.o
                0x0000000008002374                HAL_GPIO_WritePin
 .text.HAL_RCC_OscConfig
                0x00000000080023a4     0x107c ./Drivers/STM32F3xx_HAL_Driver/Src/stm32f3xx_hal_rcc.o
                0x00000000080023a4                HAL_RCC_OscConfig
 .text.HAL_RCC_ClockConfig
                0x0000000008003420      0x2f8 ./Drivers/STM32F3xx_HAL_Driver/Src/stm32f3xx_hal_rcc.o
                0x0000000008003420                HAL_RCC_ClockConfig
 .text.HAL_RCC_GetSysClockFreq
                0x0000000008003718       0xd4 ./Drivers/STM32F3xx_HAL_Driver/Src/stm32f3xx_hal_rcc.o
                0x0000000008003718                HAL_RCC_GetSysClockFreq
 .text.HAL_RCCEx_PeriphCLKConfig
                0x00000000080037ec      0x24c ./Drivers/STM32F3xx_HAL_Driver/Src/stm32f3xx_hal_rcc_ex.o
                0x00000000080037ec                HAL_RCCEx_PeriphCLKConfig
 .text.HAL_TIM_Base_Init
                0x0000000008003a38       0xae ./Drivers/STM32F3xx_HAL_Driver/Src/stm32f3xx_hal_tim.o
                0x0000000008003a38                HAL_TIM_Base_Init
 *fill*         0x0000000008003ae6        0x2 
 .text.HAL_TIM_Base_Start_DMA
                0x0000000008003ae8      0x11c ./Drivers/STM32F3xx_HAL_Driver/Src/stm32f3xx_hal_tim.o
                0x0000000008003ae8                HAL_TIM_Base_Start_DMA
 .text.HAL_TIM_Base_Stop_DMA
                0x0000000008003c04       0x64 ./Drivers/STM32F3xx_HAL_Driver/Src/stm32f3xx_hal_tim.o
                0x0000000008003c04                HAL_TIM_Base_Stop_DMA
 .text.HAL_TIM_OC_Start
                0x0000000008003c68      0x1d8 ./Drivers/STM32F3xx_HAL_Driver/Src/stm32f3xx_hal_tim.o
                0x0000000008003c68                HAL_TIM_OC_Start
 .text.HAL_TIM_OC_Stop
                0x0000000008003e40      0x11c ./Drivers/STM32F3xx_HAL_Driver/Src/stm32f3xx_hal_tim.o
                0x0000000008003e40                HAL_TIM_OC_Stop
 .text.HAL_TIM_PWM_Init
                0x0000000008003f5c       0xae ./Drivers/STM32F3xx_HAL_Driver/Src/stm32f3xx_hal_tim.o
                0x0000000008003f5c                HAL_TIM_PWM_Init
 .text.HAL_TIM_PWM_MspInit
                0x000000000800400a       0x14 ./Drivers/STM32F3xx_HAL_Driver/Src/stm32f3xx_hal_tim.o
                0x000000000800400a                HAL_TIM_PWM_MspInit
 .text.HAL_TIM_IRQHandler
                0x000000000800401e      0x23e ./Drivers/STM32F3xx_HAL_Driver/Src/stm32f3xx_hal_tim.o
                0x000000000800401e                HAL_TIM_IRQHandler
 .text.HAL_TIM_PWM_ConfigChannel
                0x000000000800425c      0x228 ./Drivers/STM32F3xx_HAL_Driver/Src/stm32f3xx_hal_tim.o
                0x000000000800425c                HAL_TIM_PWM_ConfigChannel
 .text.HAL_TIM_ConfigClockSource
                0x0000000008004484      0x192 ./Drivers/STM32F3xx_HAL_Driver/Src/stm32f3xx_hal_tim.o
                0x0000000008004484                HAL_TIM_ConfigClockSource
 .text.HAL_TIM_PeriodElapsedHalfCpltCallback
                0x0000000008004616       0x14 ./Drivers/STM32F3xx_HAL_Driver/Src/stm32f3xx_hal_tim.o
                0x0000000008004616                HAL_TIM_PeriodElapsedHalfCpltCallback
 .text.HAL_TIM_OC_DelayElapsedCallback
                0x000000000800462a       0x14 ./Drivers/STM32F3xx_HAL_Driver/Src/stm32f3xx_hal_tim.o
                0x000000000800462a                HAL_TIM_OC_DelayElapsedCallback
 .text.HAL_TIM_IC_CaptureCallback
                0x000000000800463e       0x14 ./Drivers/STM32F3xx_HAL_Driver/Src/stm32f3xx_hal_tim.o
                0x000000000800463e                HAL_TIM_IC_CaptureCallback
 .text.HAL_TIM_PWM_PulseFinishedCallback
                0x0000000008004652       0x14 ./Drivers/STM32F3xx_HAL_Driver/Src/stm32f3xx_hal_tim.o
                0x0000000008004652                HAL_TIM_PWM_PulseFinishedCallback
 .text.HAL_TIM_TriggerCallback
                0x0000000008004666       0x14 ./Drivers/STM32F3xx_HAL_Driver/Src/stm32f3xx_hal_tim.o
                0x0000000008004666                HAL_TIM_TriggerCallback
 .text.HAL_TIM_ErrorCallback
                0x000000000800467a       0x14 ./Drivers/STM32F3xx_HAL_Driver/Src/stm32f3xx_hal_tim.o
                0x000000000800467a                HAL_TIM_ErrorCallback
 .text.TIM_DMAError
                0x000000000800468e       0x92 ./Drivers/STM32F3xx_HAL_Driver/Src/stm32f3xx_hal_tim.o
                0x000000000800468e                TIM_DMAError
 .text.TIM_DMAPeriodElapsedCplt
                0x0000000008004720       0x2e ./Drivers/STM32F3xx_HAL_Driver/Src/stm32f3xx_hal_tim.o
 .text.TIM_DMAPeriodElapsedHalfCplt
                0x000000000800474e       0x1c ./Drivers/STM32F3xx_HAL_Driver/Src/stm32f3xx_hal_tim.o
 *fill*         0x000000000800476a        0x2 
 .text.TIM_Base_SetConfig
                0x000000000800476c       0xf0 ./Drivers/STM32F3xx_HAL_Driver/Src/stm32f3xx_hal_tim.o
                0x000000000800476c                TIM_Base_SetConfig
 .text.TIM_OC1_SetConfig
                0x000000000800485c      0x10c ./Drivers/STM32F3xx_HAL_Driver/Src/stm32f3xx_hal_tim.o
 .text.TIM_OC2_SetConfig
                0x0000000008004968      0x100 ./Drivers/STM32F3xx_HAL_Driver/Src/stm32f3xx_hal_tim.o
                0x0000000008004968                TIM_OC2_SetConfig
 .text.TIM_OC3_SetConfig
                0x0000000008004a68       0xfc ./Drivers/STM32F3xx_HAL_Driver/Src/stm32f3xx_hal_tim.o
 .text.TIM_OC4_SetConfig
                0x0000000008004b64       0xc8 ./Drivers/STM32F3xx_HAL_Driver/Src/stm32f3xx_hal_tim.o
 .text.TIM_OC5_SetConfig
                0x0000000008004c2c       0xbc ./Drivers/STM32F3xx_HAL_Driver/Src/stm32f3xx_hal_tim.o
 .text.TIM_OC6_SetConfig
                0x0000000008004ce8       0xc0 ./Drivers/STM32F3xx_HAL_Driver/Src/stm32f3xx_hal_tim.o
 .text.TIM_TI1_ConfigInputStage
                0x0000000008004da8       0x5e ./Drivers/STM32F3xx_HAL_Driver/Src/stm32f3xx_hal_tim.o
 .text.TIM_TI2_ConfigInputStage
                0x0000000008004e06       0x60 ./Drivers/STM32F3xx_HAL_Driver/Src/stm32f3xx_hal_tim.o
 .text.TIM_ITRx_SetConfig
                0x0000000008004e66       0x36 ./Drivers/STM32F3xx_HAL_Driver/Src/stm32f3xx_hal_tim.o
 .text.TIM_ETR_SetConfig
                0x0000000008004e9c       0x40 ./Drivers/STM32F3xx_HAL_Driver/Src/stm32f3xx_hal_tim.o
                0x0000000008004e9c                TIM_ETR_SetConfig
 .text.TIM_CCxChannelCmd
                0x0000000008004edc       0x4a ./Drivers/STM32F3xx_HAL_Driver/Src/stm32f3xx_hal_tim.o
                0x0000000008004edc                TIM_CCxChannelCmd
 *fill*         0x0000000008004f26        0x2 
 .text.HAL_TIMEx_MasterConfigSynchronization
                0x0000000008004f28       0xdc ./Drivers/STM32F3xx_HAL_Driver/Src/stm32f3xx_hal_tim_ex.o
                0x0000000008004f28                HAL_TIMEx_MasterConfigSynchronization
 .text.HAL_TIMEx_CommutCallback
                0x0000000008005004       0x14 ./Drivers/STM32F3xx_HAL_Driver/Src/stm32f3xx_hal_tim_ex.o
                0x0000000008005004                HAL_TIMEx_CommutCallback
 .text.HAL_TIMEx_BreakCallback
                0x0000000008005018       0x14 ./Drivers/STM32F3xx_HAL_Driver/Src/stm32f3xx_hal_tim_ex.o
                0x0000000008005018                HAL_TIMEx_BreakCallback
 .text.HAL_TIMEx_Break2Callback
                0x000000000800502c       0x14 ./Drivers/STM32F3xx_HAL_Driver/Src/stm32f3xx_hal_tim_ex.o
                0x000000000800502c                HAL_TIMEx_Break2Callback
 .text.__libc_init_array
                0x0000000008005040       0x48 /opt/st/stm32cubeide_1.9.0/plugins/com.st.stm32cube.ide.mcu.externaltools.gnu-tools-for-stm32.10.3-2021.10.linux64_1.0.0.202111181127/tools/bin/../lib/gcc/arm-none-eabi/10.3.1/../../../../arm-none-eabi/lib/thumb/v7e-m+fp/hard/libc_nano.a(lib_a-init.o)
                0x0000000008005040                __libc_init_array
 .text.memset   0x0000000008005088       0x10 /opt/st/stm32cubeide_1.9.0/plugins/com.st.stm32cube.ide.mcu.externaltools.gnu-tools-for-stm32.10.3-2021.10.linux64_1.0.0.202111181127/tools/bin/../lib/gcc/arm-none-eabi/10.3.1/../../../../arm-none-eabi/lib/thumb/v7e-m+fp/hard/libc_nano.a(lib_a-memset.o)
                0x0000000008005088                memset
 *(.glue_7)
 .glue_7        0x0000000008005098        0x0 linker stubs
 *(.glue_7t)
 .glue_7t       0x0000000008005098        0x0 linker stubs
 *(.eh_frame)
 .eh_frame      0x0000000008005098        0x0 /opt/st/stm32cubeide_1.9.0/plugins/com.st.stm32cube.ide.mcu.externaltools.gnu-tools-for-stm32.10.3-2021.10.linux64_1.0.0.202111181127/tools/bin/../lib/gcc/arm-none-eabi/10.3.1/thumb/v7e-m+fp/hard/crtbegin.o
 *(.init)
 .init          0x0000000008005098        0x4 /opt/st/stm32cubeide_1.9.0/plugins/com.st.stm32cube.ide.mcu.externaltools.gnu-tools-for-stm32.10.3-2021.10.linux64_1.0.0.202111181127/tools/bin/../lib/gcc/arm-none-eabi/10.3.1/thumb/v7e-m+fp/hard/crti.o
                0x0000000008005098                _init
 .init          0x000000000800509c        0x8 /opt/st/stm32cubeide_1.9.0/plugins/com.st.stm32cube.ide.mcu.externaltools.gnu-tools-for-stm32.10.3-2021.10.linux64_1.0.0.202111181127/tools/bin/../lib/gcc/arm-none-eabi/10.3.1/thumb/v7e-m+fp/hard/crtn.o
 *(.fini)
 .fini          0x00000000080050a4        0x4 /opt/st/stm32cubeide_1.9.0/plugins/com.st.stm32cube.ide.mcu.externaltools.gnu-tools-for-stm32.10.3-2021.10.linux64_1.0.0.202111181127/tools/bin/../lib/gcc/arm-none-eabi/10.3.1/thumb/v7e-m+fp/hard/crti.o
                0x00000000080050a4                _fini
 .fini          0x00000000080050a8        0x8 /opt/st/stm32cubeide_1.9.0/plugins/com.st.stm32cube.ide.mcu.externaltools.gnu-tools-for-stm32.10.3-2021.10.linux64_1.0.0.202111181127/tools/bin/../lib/gcc/arm-none-eabi/10.3.1/thumb/v7e-m+fp/hard/crtn.o
                0x00000000080050b0                . = ALIGN (0x4)
                0x00000000080050b0                _etext = .

.vfp11_veneer   0x00000000080050b0        0x0
 .vfp11_veneer  0x00000000080050b0        0x0 linker stubs

.v4_bx          0x00000000080050b0        0x0
 .v4_bx         0x00000000080050b0        0x0 linker stubs

.iplt           0x00000000080050b0        0x0
 .iplt          0x00000000080050b0        0x0 /opt/st/stm32cubeide_1.9.0/plugins/com.st.stm32cube.ide.mcu.externaltools.gnu-tools-for-stm32.10.3-2021.10.linux64_1.0.0.202111181127/tools/bin/../lib/gcc/arm-none-eabi/10.3.1/thumb/v7e-m+fp/hard/crtbegin.o

.rodata         0x00000000080050b0       0x30
                0x00000000080050b0                . = ALIGN (0x4)
 *(.rodata)
 *(.rodata*)
 .rodata.AHBPrescTable
                0x00000000080050b0       0x10 ./Core/Src/system_stm32f3xx.o
                0x00000000080050b0                AHBPrescTable
 .rodata.aPLLMULFactorTable
                0x00000000080050c0       0x10 ./Drivers/STM32F3xx_HAL_Driver/Src/stm32f3xx_hal_rcc.o
                0x00000000080050c0                aPLLMULFactorTable
 .rodata.aPredivFactorTable
                0x00000000080050d0       0x10 ./Drivers/STM32F3xx_HAL_Driver/Src/stm32f3xx_hal_rcc.o
                0x00000000080050d0                aPredivFactorTable
                0x00000000080050e0                . = ALIGN (0x4)

.rel.dyn        0x00000000080050e0        0x0
 .rel.iplt      0x00000000080050e0        0x0 /opt/st/stm32cubeide_1.9.0/plugins/com.st.stm32cube.ide.mcu.externaltools.gnu-tools-for-stm32.10.3-2021.10.linux64_1.0.0.202111181127/tools/bin/../lib/gcc/arm-none-eabi/10.3.1/thumb/v7e-m+fp/hard/crtbegin.o

.ARM.extab      0x00000000080050e0        0x0
                0x00000000080050e0                . = ALIGN (0x4)
 *(.ARM.extab* .gnu.linkonce.armextab.*)
                0x00000000080050e0                . = ALIGN (0x4)

.ARM            0x00000000080050e0        0x0
                0x00000000080050e0                . = ALIGN (0x4)
                0x00000000080050e0                __exidx_start = .
 *(.ARM.exidx*)
                0x00000000080050e0                __exidx_end = .
                0x00000000080050e0                . = ALIGN (0x4)

.preinit_array  0x00000000080050e0        0x0
                0x00000000080050e0                . = ALIGN (0x4)
                0x00000000080050e0                PROVIDE (__preinit_array_start = .)
 *(.preinit_array*)
                0x00000000080050e0                PROVIDE (__preinit_array_end = .)
                0x00000000080050e0                . = ALIGN (0x4)

.init_array     0x00000000080050e0        0x4
                0x00000000080050e0                . = ALIGN (0x4)
                0x00000000080050e0                PROVIDE (__init_array_start = .)
 *(SORT_BY_NAME(.init_array.*))
 *(.init_array*)
 .init_array    0x00000000080050e0        0x4 /opt/st/stm32cubeide_1.9.0/plugins/com.st.stm32cube.ide.mcu.externaltools.gnu-tools-for-stm32.10.3-2021.10.linux64_1.0.0.202111181127/tools/bin/../lib/gcc/arm-none-eabi/10.3.1/thumb/v7e-m+fp/hard/crtbegin.o
                0x00000000080050e4                PROVIDE (__init_array_end = .)
                0x00000000080050e4                . = ALIGN (0x4)

.fini_array     0x00000000080050e4        0x4
                0x00000000080050e4                . = ALIGN (0x4)
                [!provide]                        PROVIDE (__fini_array_start = .)
 *(SORT_BY_NAME(.fini_array.*))
 *(.fini_array*)
 .fini_array    0x00000000080050e4        0x4 /opt/st/stm32cubeide_1.9.0/plugins/com.st.stm32cube.ide.mcu.externaltools.gnu-tools-for-stm32.10.3-2021.10.linux64_1.0.0.202111181127/tools/bin/../lib/gcc/arm-none-eabi/10.3.1/thumb/v7e-m+fp/hard/crtbegin.o
                [!provide]                        PROVIDE (__fini_array_end = .)
                0x00000000080050e8                . = ALIGN (0x4)
                0x00000000080050e8                _sidata = LOADADDR (.data)

.data           0x0000000020000000     0x22c0 load address 0x00000000080050e8
                0x0000000020000000                . = ALIGN (0x4)
                0x0000000020000000                _sdata = .
 *(.data)
 *(.data*)
 .data.motor    0x0000000020000000       0x28 ./Core/Src/main.o
                0x0000000020000000                motor
 .data.SystemCoreClock
                0x0000000020000028        0x4 ./Core/Src/system_stm32f3xx.o
                0x0000000020000028                SystemCoreClock
 .data.arr      0x000000002000002c     0x1144 ./Core/Src/variableActionneur.o
                0x000000002000002c                arr
 .data.rArr     0x0000000020001170     0x1144 ./Core/Src/variableActionneur.o
                0x0000000020001170                rArr
 .data.length   0x00000000200022b4        0x4 ./Core/Src/variableActionneur.o
                0x00000000200022b4                length
 .data.uwTickPrio
                0x00000000200022b8        0x4 ./Drivers/STM32F3xx_HAL_Driver/Src/stm32f3xx_hal.o
                0x00000000200022b8                uwTickPrio
 .data.uwTickFreq
                0x00000000200022bc        0x1 ./Drivers/STM32F3xx_HAL_Driver/Src/stm32f3xx_hal.o
                0x00000000200022bc                uwTickFreq
 *(.RamFunc)
 *(.RamFunc*)
                0x00000000200022c0                . = ALIGN (0x4)
 *fill*         0x00000000200022bd        0x3 
                0x00000000200022c0                _edata = .
                0x00000000080073a8                _siccmram = LOADADDR (.ccmram)

.igot.plt       0x00000000200022c0        0x0 load address 0x00000000080073a8
 .igot.plt      0x00000000200022c0        0x0 /opt/st/stm32cubeide_1.9.0/plugins/com.st.stm32cube.ide.mcu.externaltools.gnu-tools-for-stm32.10.3-2021.10.linux64_1.0.0.202111181127/tools/bin/../lib/gcc/arm-none-eabi/10.3.1/thumb/v7e-m+fp/hard/crtbegin.o

.ccmram         0x0000000010000000        0x0 load address 0x00000000080073a8
                0x0000000010000000                . = ALIGN (0x4)
                0x0000000010000000                _sccmram = .
 *(.ccmram)
 *(.ccmram*)
                0x0000000010000000                . = ALIGN (0x4)
                0x0000000010000000                _eccmram = .
                0x0000000010000000                . = ALIGN (0x4)

.bss            0x00000000200022c0      0x15c
                0x00000000200022c0                _sbss = .
                0x00000000200022c0                __bss_start__ = _sbss
 *(.bss)
 .bss           0x00000000200022c0       0x1c /opt/st/stm32cubeide_1.9.0/plugins/com.st.stm32cube.ide.mcu.externaltools.gnu-tools-for-stm32.10.3-2021.10.linux64_1.0.0.202111181127/tools/bin/../lib/gcc/arm-none-eabi/10.3.1/thumb/v7e-m+fp/hard/crtbegin.o
 *(.bss*)
 .bss.hadc1     0x00000000200022dc       0x50 ./Core/Src/main.o
                0x00000000200022dc                hadc1
 .bss.htim2     0x000000002000232c       0x4c ./Core/Src/main.o
                0x000000002000232c                htim2
 .bss.htim3     0x0000000020002378       0x4c ./Core/Src/main.o
                0x0000000020002378                htim3
 .bss.hdma_tim2_up
                0x00000000200023c4       0x44 ./Core/Src/main.o
                0x00000000200023c4                hdma_tim2_up
 .bss.target    0x0000000020002408        0x4 ./Core/Src/variableActionneur.o
                0x0000000020002408                target
 .bss.steps     0x000000002000240c        0x4 ./Core/Src/variableActionneur.o
                0x000000002000240c                steps
 .bss.stepsLeft
                0x0000000020002410        0x4 ./Core/Src/variableActionneur.o
                0x0000000020002410                stepsLeft
 .bss.deplacementState
                0x0000000020002414        0x1 ./Core/Src/variableActionneur.o
                0x0000000020002414                deplacementState
 .bss.position  0x0000000020002415        0x1 ./Core/Src/variableActionneur.o
                0x0000000020002415                position
 .bss.nextPosition
                0x0000000020002416        0x1 ./Core/Src/variableActionneur.o
                0x0000000020002416                nextPosition
 *fill*         0x0000000020002417        0x1 
 .bss.uwTick    0x0000000020002418        0x4 ./Drivers/STM32F3xx_HAL_Driver/Src/stm32f3xx_hal.o
                0x0000000020002418                uwTick
 *(COMMON)
                0x000000002000241c                . = ALIGN (0x4)
                0x000000002000241c                _ebss = .
                0x000000002000241c                __bss_end__ = _ebss

._user_heap_stack
                0x000000002000241c      0x604
                0x0000000020002420                . = ALIGN (0x8)
 *fill*         0x000000002000241c        0x4 
                [!provide]                        PROVIDE (end = .)
                0x0000000020002420                PROVIDE (_end = .)
                0x0000000020002620                . = (. + _Min_Heap_Size)
 *fill*         0x0000000020002420      0x200 
                0x0000000020002a20                . = (. + _Min_Stack_Size)
 *fill*         0x0000000020002620      0x400 
                0x0000000020002a20                . = ALIGN (0x8)

/DISCARD/
 libc.a(*)
 libm.a(*)
 libgcc.a(*)

.ARM.attributes
                0x0000000000000000       0x30
 *(.ARM.attributes)
 .ARM.attributes
                0x0000000000000000       0x1e /opt/st/stm32cubeide_1.9.0/plugins/com.st.stm32cube.ide.mcu.externaltools.gnu-tools-for-stm32.10.3-2021.10.linux64_1.0.0.202111181127/tools/bin/../lib/gcc/arm-none-eabi/10.3.1/thumb/v7e-m+fp/hard/crti.o
 .ARM.attributes
                0x000000000000001e       0x34 /opt/st/stm32cubeide_1.9.0/plugins/com.st.stm32cube.ide.mcu.externaltools.gnu-tools-for-stm32.10.3-2021.10.linux64_1.0.0.202111181127/tools/bin/../lib/gcc/arm-none-eabi/10.3.1/thumb/v7e-m+fp/hard/crtbegin.o
 .ARM.attributes
                0x0000000000000052       0x34 ./Core/Src/deplacementActionneur.o
 .ARM.attributes
                0x0000000000000086       0x34 ./Core/Src/main.o
 .ARM.attributes
                0x00000000000000ba       0x34 ./Core/Src/motorActionneur.o
 .ARM.attributes
                0x00000000000000ee       0x34 ./Core/Src/stm32f3xx_hal_msp.o
 .ARM.attributes
                0x0000000000000122       0x34 ./Core/Src/stm32f3xx_it.o
 .ARM.attributes
                0x0000000000000156       0x34 ./Core/Src/system_stm32f3xx.o
 .ARM.attributes
                0x000000000000018a       0x34 ./Core/Src/variableActionneur.o
 .ARM.attributes
                0x00000000000001be       0x21 ./Core/Startup/startup_stm32f303k8tx.o
 .ARM.attributes
                0x00000000000001df       0x34 ./Drivers/STM32F3xx_HAL_Driver/Src/stm32f3xx_hal.o
 .ARM.attributes
                0x0000000000000213       0x34 ./Drivers/STM32F3xx_HAL_Driver/Src/stm32f3xx_hal_adc_ex.o
 .ARM.attributes
                0x0000000000000247       0x34 ./Drivers/STM32F3xx_HAL_Driver/Src/stm32f3xx_hal_cortex.o
 .ARM.attributes
                0x000000000000027b       0x34 ./Drivers/STM32F3xx_HAL_Driver/Src/stm32f3xx_hal_dma.o
 .ARM.attributes
                0x00000000000002af       0x34 ./Drivers/STM32F3xx_HAL_Driver/Src/stm32f3xx_hal_gpio.o
 .ARM.attributes
                0x00000000000002e3       0x34 ./Drivers/STM32F3xx_HAL_Driver/Src/stm32f3xx_hal_rcc.o
 .ARM.attributes
                0x0000000000000317       0x34 ./Drivers/STM32F3xx_HAL_Driver/Src/stm32f3xx_hal_rcc_ex.o
 .ARM.attributes
                0x000000000000034b       0x34 ./Drivers/STM32F3xx_HAL_Driver/Src/stm32f3xx_hal_tim.o
 .ARM.attributes
                0x000000000000037f       0x34 ./Drivers/STM32F3xx_HAL_Driver/Src/stm32f3xx_hal_tim_ex.o
 .ARM.attributes
                0x00000000000003b3       0x34 /opt/st/stm32cubeide_1.9.0/plugins/com.st.stm32cube.ide.mcu.externaltools.gnu-tools-for-stm32.10.3-2021.10.linux64_1.0.0.202111181127/tools/bin/../lib/gcc/arm-none-eabi/10.3.1/../../../../arm-none-eabi/lib/thumb/v7e-m+fp/hard/libc_nano.a(lib_a-init.o)
 .ARM.attributes
                0x00000000000003e7       0x34 /opt/st/stm32cubeide_1.9.0/plugins/com.st.stm32cube.ide.mcu.externaltools.gnu-tools-for-stm32.10.3-2021.10.linux64_1.0.0.202111181127/tools/bin/../lib/gcc/arm-none-eabi/10.3.1/../../../../arm-none-eabi/lib/thumb/v7e-m+fp/hard/libc_nano.a(lib_a-memset.o)
 .ARM.attributes
                0x000000000000041b       0x1e /opt/st/stm32cubeide_1.9.0/plugins/com.st.stm32cube.ide.mcu.externaltools.gnu-tools-for-stm32.10.3-2021.10.linux64_1.0.0.202111181127/tools/bin/../lib/gcc/arm-none-eabi/10.3.1/thumb/v7e-m+fp/hard/crtn.o
OUTPUT(automate_petit_robot.elf elf32-littlearm)
LOAD linker stubs
LOAD /opt/st/stm32cubeide_1.9.0/plugins/com.st.stm32cube.ide.mcu.externaltools.gnu-tools-for-stm32.10.3-2021.10.linux64_1.0.0.202111181127/tools/bin/../lib/gcc/arm-none-eabi/10.3.1/../../../../arm-none-eabi/lib/thumb/v7e-m+fp/hard/libc.a
LOAD /opt/st/stm32cubeide_1.9.0/plugins/com.st.stm32cube.ide.mcu.externaltools.gnu-tools-for-stm32.10.3-2021.10.linux64_1.0.0.202111181127/tools/bin/../lib/gcc/arm-none-eabi/10.3.1/../../../../arm-none-eabi/lib/thumb/v7e-m+fp/hard/libm.a
LOAD /opt/st/stm32cubeide_1.9.0/plugins/com.st.stm32cube.ide.mcu.externaltools.gnu-tools-for-stm32.10.3-2021.10.linux64_1.0.0.202111181127/tools/bin/../lib/gcc/arm-none-eabi/10.3.1/thumb/v7e-m+fp/hard/libgcc.a

.debug_info     0x0000000000000000     0xe158
 .debug_info    0x0000000000000000      0x3f5 ./Core/Src/deplacementActionneur.o
 .debug_info    0x00000000000003f5     0x163e ./Core/Src/main.o
 .debug_info    0x0000000000001a33      0xbc6 ./Core/Src/motorActionneur.o
 .debug_info    0x00000000000025f9     0x1021 ./Core/Src/stm32f3xx_hal_msp.o
 .debug_info    0x000000000000361a      0x766 ./Core/Src/stm32f3xx_it.o
 .debug_info    0x0000000000003d80      0x416 ./Core/Src/system_stm32f3xx.o
 .debug_info    0x0000000000004196      0x99f ./Core/Src/variableActionneur.o
 .debug_info    0x0000000000004b35       0x22 ./Core/Startup/startup_stm32f303k8tx.o
 .debug_info    0x0000000000004b57      0x77d ./Drivers/STM32F3xx_HAL_Driver/Src/stm32f3xx_hal.o
 .debug_info    0x00000000000052d4     0x16b2 ./Drivers/STM32F3xx_HAL_Driver/Src/stm32f3xx_hal_adc_ex.o
 .debug_info    0x0000000000006986      0xb20 ./Drivers/STM32F3xx_HAL_Driver/Src/stm32f3xx_hal_cortex.o
 .debug_info    0x00000000000074a6      0x757 ./Drivers/STM32F3xx_HAL_Driver/Src/stm32f3xx_hal_dma.o
 .debug_info    0x0000000000007bfd      0x74e ./Drivers/STM32F3xx_HAL_Driver/Src/stm32f3xx_hal_gpio.o
 .debug_info    0x000000000000834b     0x1586 ./Drivers/STM32F3xx_HAL_Driver/Src/stm32f3xx_hal_rcc.o
 .debug_info    0x00000000000098d1      0x56b ./Drivers/STM32F3xx_HAL_Driver/Src/stm32f3xx_hal_rcc_ex.o
 .debug_info    0x0000000000009e3c     0x2ca3 ./Drivers/STM32F3xx_HAL_Driver/Src/stm32f3xx_hal_tim.o
 .debug_info    0x000000000000cadf     0x1679 ./Drivers/STM32F3xx_HAL_Driver/Src/stm32f3xx_hal_tim_ex.o

.debug_abbrev   0x0000000000000000     0x22f1
 .debug_abbrev  0x0000000000000000      0x1b0 ./Core/Src/deplacementActionneur.o
 .debug_abbrev  0x00000000000001b0      0x2ca ./Core/Src/main.o
 .debug_abbrev  0x000000000000047a      0x277 ./Core/Src/motorActionneur.o
 .debug_abbrev  0x00000000000006f1      0x1ed ./Core/Src/stm32f3xx_hal_msp.o
 .debug_abbrev  0x00000000000008de      0x184 ./Core/Src/stm32f3xx_it.o
 .debug_abbrev  0x0000000000000a62      0x116 ./Core/Src/system_stm32f3xx.o
 .debug_abbrev  0x0000000000000b78      0x245 ./Core/Src/variableActionneur.o
 .debug_abbrev  0x0000000000000dbd       0x12 ./Core/Startup/startup_stm32f303k8tx.o
 .debug_abbrev  0x0000000000000dcf      0x20e ./Drivers/STM32F3xx_HAL_Driver/Src/stm32f3xx_hal.o
 .debug_abbrev  0x0000000000000fdd      0x27a ./Drivers/STM32F3xx_HAL_Driver/Src/stm32f3xx_hal_adc_ex.o
 .debug_abbrev  0x0000000000001257      0x2ed ./Drivers/STM32F3xx_HAL_Driver/Src/stm32f3xx_hal_cortex.o
 .debug_abbrev  0x0000000000001544      0x1fe ./Drivers/STM32F3xx_HAL_Driver/Src/stm32f3xx_hal_dma.o
 .debug_abbrev  0x0000000000001742      0x1bb ./Drivers/STM32F3xx_HAL_Driver/Src/stm32f3xx_hal_gpio.o
 .debug_abbrev  0x00000000000018fd      0x30c ./Drivers/STM32F3xx_HAL_Driver/Src/stm32f3xx_hal_rcc.o
 .debug_abbrev  0x0000000000001c09      0x226 ./Drivers/STM32F3xx_HAL_Driver/Src/stm32f3xx_hal_rcc_ex.o
 .debug_abbrev  0x0000000000001e2f      0x25d ./Drivers/STM32F3xx_HAL_Driver/Src/stm32f3xx_hal_tim.o
 .debug_abbrev  0x000000000000208c      0x265 ./Drivers/STM32F3xx_HAL_Driver/Src/stm32f3xx_hal_tim_ex.o

.debug_aranges  0x0000000000000000      0xce0
 .debug_aranges
                0x0000000000000000       0x30 ./Core/Src/deplacementActionneur.o
 .debug_aranges
                0x0000000000000030       0x58 ./Core/Src/main.o
 .debug_aranges
                0x0000000000000088       0x60 ./Core/Src/motorActionneur.o
 .debug_aranges
                0x00000000000000e8       0x48 ./Core/Src/stm32f3xx_hal_msp.o
 .debug_aranges
                0x0000000000000130       0x70 ./Core/Src/stm32f3xx_it.o
 .debug_aranges
                0x00000000000001a0       0x28 ./Core/Src/system_stm32f3xx.o
 .debug_aranges
                0x00000000000001c8       0xb0 ./Core/Src/variableActionneur.o
 .debug_aranges
                0x0000000000000278       0x28 ./Core/Startup/startup_stm32f303k8tx.o
 .debug_aranges
                0x00000000000002a0       0xe0 ./Drivers/STM32F3xx_HAL_Driver/Src/stm32f3xx_hal.o
 .debug_aranges
                0x0000000000000380      0x168 ./Drivers/STM32F3xx_HAL_Driver/Src/stm32f3xx_hal_adc_ex.o
 .debug_aranges
                0x00000000000004e8      0x100 ./Drivers/STM32F3xx_HAL_Driver/Src/stm32f3xx_hal_cortex.o
 .debug_aranges
                0x00000000000005e8       0x88 ./Drivers/STM32F3xx_HAL_Driver/Src/stm32f3xx_hal_dma.o
 .debug_aranges
                0x0000000000000670       0x58 ./Drivers/STM32F3xx_HAL_Driver/Src/stm32f3xx_hal_gpio.o
 .debug_aranges
                0x00000000000006c8       0x88 ./Drivers/STM32F3xx_HAL_Driver/Src/stm32f3xx_hal_rcc.o
 .debug_aranges
                0x0000000000000750       0x38 ./Drivers/STM32F3xx_HAL_Driver/Src/stm32f3xx_hal_rcc_ex.o
 .debug_aranges
                0x0000000000000788      0x3e0 ./Drivers/STM32F3xx_HAL_Driver/Src/stm32f3xx_hal_tim.o
 .debug_aranges
                0x0000000000000b68      0x178 ./Drivers/STM32F3xx_HAL_Driver/Src/stm32f3xx_hal_tim_ex.o

.debug_ranges   0x0000000000000000      0xbd8
 .debug_ranges  0x0000000000000000       0x20 ./Core/Src/deplacementActionneur.o
 .debug_ranges  0x0000000000000020       0x48 ./Core/Src/main.o
 .debug_ranges  0x0000000000000068       0x50 ./Core/Src/motorActionneur.o
 .debug_ranges  0x00000000000000b8       0x38 ./Core/Src/stm32f3xx_hal_msp.o
 .debug_ranges  0x00000000000000f0       0x60 ./Core/Src/stm32f3xx_it.o
 .debug_ranges  0x0000000000000150       0x18 ./Core/Src/system_stm32f3xx.o
 .debug_ranges  0x0000000000000168       0xa0 ./Core/Src/variableActionneur.o
 .debug_ranges  0x0000000000000208       0x20 ./Core/Startup/startup_stm32f303k8tx.o
 .debug_ranges  0x0000000000000228       0xd0 ./Drivers/STM32F3xx_HAL_Driver/Src/stm32f3xx_hal.o
 .debug_ranges  0x00000000000002f8      0x158 ./Drivers/STM32F3xx_HAL_Driver/Src/stm32f3xx_hal_adc_ex.o
 .debug_ranges  0x0000000000000450       0xf0 ./Drivers/STM32F3xx_HAL_Driver/Src/stm32f3xx_hal_cortex.o
 .debug_ranges  0x0000000000000540       0x78 ./Drivers/STM32F3xx_HAL_Driver/Src/stm32f3xx_hal_dma.o
 .debug_ranges  0x00000000000005b8       0x48 ./Drivers/STM32F3xx_HAL_Driver/Src/stm32f3xx_hal_gpio.o
 .debug_ranges  0x0000000000000600       0x78 ./Drivers/STM32F3xx_HAL_Driver/Src/stm32f3xx_hal_rcc.o
 .debug_ranges  0x0000000000000678       0x28 ./Drivers/STM32F3xx_HAL_Driver/Src/stm32f3xx_hal_rcc_ex.o
 .debug_ranges  0x00000000000006a0      0x3d0 ./Drivers/STM32F3xx_HAL_Driver/Src/stm32f3xx_hal_tim.o
 .debug_ranges  0x0000000000000a70      0x168 ./Drivers/STM32F3xx_HAL_Driver/Src/stm32f3xx_hal_tim_ex.o

.debug_macro    0x0000000000000000    0x1c9a1
 .debug_macro   0x0000000000000000      0x39d ./Core/Src/deplacementActionneur.o
 .debug_macro   0x000000000000039d      0xa78 ./Core/Src/deplacementActionneur.o
 .debug_macro   0x0000000000000e15       0x22 ./Core/Src/deplacementActionneur.o
 .debug_macro   0x0000000000000e37       0x4c ./Core/Src/deplacementActionneur.o
 .debug_macro   0x0000000000000e83       0x1e ./Core/Src/deplacementActionneur.o
 .debug_macro   0x0000000000000ea1       0x94 ./Core/Src/deplacementActionneur.o
 .debug_macro   0x0000000000000f35       0x3c ./Core/Src/deplacementActionneur.o
 .debug_macro   0x0000000000000f71       0x34 ./Core/Src/deplacementActionneur.o
 .debug_macro   0x0000000000000fa5       0x16 ./Core/Src/deplacementActionneur.o
 .debug_macro   0x0000000000000fbb       0x57 ./Core/Src/deplacementActionneur.o
 .debug_macro   0x0000000000001012       0x97 ./Core/Src/deplacementActionneur.o
 .debug_macro   0x00000000000010a9      0x341 ./Core/Src/deplacementActionneur.o
 .debug_macro   0x00000000000013ea       0xfd ./Core/Src/deplacementActionneur.o
 .debug_macro   0x00000000000014e7       0x10 ./Core/Src/deplacementActionneur.o
 .debug_macro   0x00000000000014f7       0x16 ./Core/Src/deplacementActionneur.o
 .debug_macro   0x000000000000150d       0x43 ./Core/Src/deplacementActionneur.o
 .debug_macro   0x0000000000001550       0x34 ./Core/Src/deplacementActionneur.o
 .debug_macro   0x0000000000001584       0x10 ./Core/Src/deplacementActionneur.o
 .debug_macro   0x0000000000001594       0x58 ./Core/Src/deplacementActionneur.o
 .debug_macro   0x00000000000015ec       0x71 ./Core/Src/deplacementActionneur.o
 .debug_macro   0x000000000000165d       0x1c ./Core/Src/deplacementActionneur.o
 .debug_macro   0x0000000000001679      0x12a ./Core/Src/deplacementActionneur.o
 .debug_macro   0x00000000000017a3       0x10 ./Core/Src/deplacementActionneur.o
 .debug_macro   0x00000000000017b3       0x6a ./Core/Src/deplacementActionneur.o
 .debug_macro   0x000000000000181d       0x1c ./Core/Src/deplacementActionneur.o
 .debug_macro   0x0000000000001839       0x52 ./Core/Src/deplacementActionneur.o
 .debug_macro   0x000000000000188b       0x22 ./Core/Src/deplacementActionneur.o
 .debug_macro   0x00000000000018ad       0x10 ./Core/Src/deplacementActionneur.o
 .debug_macro   0x00000000000018bd       0x52 ./Core/Src/deplacementActionneur.o
 .debug_macro   0x000000000000190f       0xd5 ./Core/Src/deplacementActionneur.o
 .debug_macro   0x00000000000019e4       0x1c ./Core/Src/deplacementActionneur.o
 .debug_macro   0x0000000000001a00       0x3d ./Core/Src/deplacementActionneur.o
 .debug_macro   0x0000000000001a3d       0x16 ./Core/Src/deplacementActionneur.o
 .debug_macro   0x0000000000001a53      0x145 ./Core/Src/deplacementActionneur.o
 .debug_macro   0x0000000000001b98       0x16 ./Core/Src/deplacementActionneur.o
 .debug_macro   0x0000000000001bae       0x35 ./Core/Src/deplacementActionneur.o
 .debug_macro   0x0000000000001be3       0x20 ./Core/Src/deplacementActionneur.o
 .debug_macro   0x0000000000001c03       0x22 ./Core/Src/deplacementActionneur.o
 .debug_macro   0x0000000000001c25      0x19b ./Core/Src/deplacementActionneur.o
 .debug_macro   0x0000000000001dc0       0x34 ./Core/Src/deplacementActionneur.o
 .debug_macro   0x0000000000001df4      0x157 ./Core/Src/deplacementActionneur.o
 .debug_macro   0x0000000000001f4b       0x2e ./Core/Src/deplacementActionneur.o
 .debug_macro   0x0000000000001f79       0x28 ./Core/Src/deplacementActionneur.o
 .debug_macro   0x0000000000001fa1      0x103 ./Core/Src/deplacementActionneur.o
 .debug_macro   0x00000000000020a4      0x1df ./Core/Src/deplacementActionneur.o
 .debug_macro   0x0000000000002283       0x1c ./Core/Src/deplacementActionneur.o
 .debug_macro   0x000000000000229f       0x22 ./Core/Src/deplacementActionneur.o
 .debug_macro   0x00000000000022c1       0xd9 ./Core/Src/deplacementActionneur.o
 .debug_macro   0x000000000000239a      0xf07 ./Core/Src/deplacementActionneur.o
 .debug_macro   0x00000000000032a1    0x10be0 ./Core/Src/deplacementActionneur.o
 .debug_macro   0x0000000000013e81       0x6d ./Core/Src/deplacementActionneur.o
 .debug_macro   0x0000000000013eee     0x3540 ./Core/Src/deplacementActionneur.o
 .debug_macro   0x000000000001742e       0x4f ./Core/Src/deplacementActionneur.o
 .debug_macro   0x000000000001747d      0x8f9 ./Core/Src/deplacementActionneur.o
 .debug_macro   0x0000000000017d76      0x304 ./Core/Src/deplacementActionneur.o
 .debug_macro   0x000000000001807a      0x1b6 ./Core/Src/deplacementActionneur.o
 .debug_macro   0x0000000000018230      0x11b ./Core/Src/deplacementActionneur.o
 .debug_macro   0x000000000001834b      0x1d5 ./Core/Src/deplacementActionneur.o
 .debug_macro   0x0000000000018520      0x1bc ./Core/Src/deplacementActionneur.o
 .debug_macro   0x00000000000186dc       0x34 ./Core/Src/deplacementActionneur.o
 .debug_macro   0x0000000000018710       0x3c ./Core/Src/deplacementActionneur.o
 .debug_macro   0x000000000001874c       0x57 ./Core/Src/deplacementActionneur.o
 .debug_macro   0x00000000000187a3      0x87d ./Core/Src/deplacementActionneur.o
 .debug_macro   0x0000000000019020       0x77 ./Core/Src/deplacementActionneur.o
 .debug_macro   0x0000000000019097       0xc5 ./Core/Src/deplacementActionneur.o
 .debug_macro   0x000000000001915c      0x19f ./Core/Src/deplacementActionneur.o
 .debug_macro   0x00000000000192fb      0x22c ./Core/Src/deplacementActionneur.o
 .debug_macro   0x0000000000019527       0x5b ./Core/Src/deplacementActionneur.o
 .debug_macro   0x0000000000019582       0xa5 ./Core/Src/deplacementActionneur.o
 .debug_macro   0x0000000000019627       0x81 ./Core/Src/deplacementActionneur.o
 .debug_macro   0x00000000000196a8       0xd3 ./Core/Src/deplacementActionneur.o
 .debug_macro   0x000000000001977b      0xa3d ./Core/Src/deplacementActionneur.o
 .debug_macro   0x000000000001a1b8       0x59 ./Core/Src/deplacementActionneur.o
 .debug_macro   0x000000000001a211      0x285 ./Core/Src/deplacementActionneur.o
 .debug_macro   0x000000000001a496      0x3ea ./Core/Src/main.o
 .debug_macro   0x000000000001a880       0x8e ./Core/Src/main.o
 .debug_macro   0x000000000001a90e       0x51 ./Core/Src/main.o
 .debug_macro   0x000000000001a95f      0x174 ./Core/Src/main.o
 .debug_macro   0x000000000001aad3       0x55 ./Core/Src/main.o
 .debug_macro   0x000000000001ab28       0x4c ./Core/Src/main.o
 .debug_macro   0x000000000001ab74       0x52 ./Core/Src/main.o
 .debug_macro   0x000000000001abc6       0x16 ./Core/Src/main.o
 .debug_macro   0x000000000001abdc       0x16 ./Core/Src/main.o
 .debug_macro   0x000000000001abf2       0x29 ./Core/Src/main.o
 .debug_macro   0x000000000001ac1b       0x1c ./Core/Src/main.o
 .debug_macro   0x000000000001ac37      0x3ac ./Core/Src/motorActionneur.o
 .debug_macro   0x000000000001afe3      0x1da ./Core/Src/stm32f3xx_hal_msp.o
 .debug_macro   0x000000000001b1bd      0x1e4 ./Core/Src/stm32f3xx_it.o
 .debug_macro   0x000000000001b3a1      0x1cb ./Core/Src/system_stm32f3xx.o
 .debug_macro   0x000000000001b56c      0x398 ./Core/Src/variableActionneur.o
 .debug_macro   0x000000000001b904      0x1ef ./Drivers/STM32F3xx_HAL_Driver/Src/stm32f3xx_hal.o
 .debug_macro   0x000000000001baf3      0x1f5 ./Drivers/STM32F3xx_HAL_Driver/Src/stm32f3xx_hal_adc_ex.o
 .debug_macro   0x000000000001bce8      0x1cb ./Drivers/STM32F3xx_HAL_Driver/Src/stm32f3xx_hal_cortex.o
 .debug_macro   0x000000000001beb3      0x1cb ./Drivers/STM32F3xx_HAL_Driver/Src/stm32f3xx_hal_dma.o
 .debug_macro   0x000000000001c07e      0x1d2 ./Drivers/STM32F3xx_HAL_Driver/Src/stm32f3xx_hal_gpio.o
 .debug_macro   0x000000000001c250      0x1ef ./Drivers/STM32F3xx_HAL_Driver/Src/stm32f3xx_hal_rcc.o
 .debug_macro   0x000000000001c43f      0x1cb ./Drivers/STM32F3xx_HAL_Driver/Src/stm32f3xx_hal_rcc_ex.o
 .debug_macro   0x000000000001c60a      0x1cc ./Drivers/STM32F3xx_HAL_Driver/Src/stm32f3xx_hal_tim.o
 .debug_macro   0x000000000001c7d6      0x1cb ./Drivers/STM32F3xx_HAL_Driver/Src/stm32f3xx_hal_tim_ex.o

.debug_line     0x0000000000000000    0x100fc
 .debug_line    0x0000000000000000      0xa06 ./Core/Src/deplacementActionneur.o
 .debug_line    0x0000000000000a06      0xbe0 ./Core/Src/main.o
 .debug_line    0x00000000000015e6      0xad7 ./Core/Src/motorActionneur.o
 .debug_line    0x00000000000020bd      0x7c2 ./Core/Src/stm32f3xx_hal_msp.o
 .debug_line    0x000000000000287f      0x7a0 ./Core/Src/stm32f3xx_it.o
 .debug_line    0x000000000000301f      0x724 ./Core/Src/system_stm32f3xx.o
 .debug_line    0x0000000000003743      0xad3 ./Core/Src/variableActionneur.o
 .debug_line    0x0000000000004216       0x88 ./Core/Startup/startup_stm32f303k8tx.o
 .debug_line    0x000000000000429e      0x959 ./Drivers/STM32F3xx_HAL_Driver/Src/stm32f3xx_hal.o
 .debug_line    0x0000000000004bf7     0x204c ./Drivers/STM32F3xx_HAL_Driver/Src/stm32f3xx_hal_adc_ex.o
 .debug_line    0x0000000000006c43      0xb41 ./Drivers/STM32F3xx_HAL_Driver/Src/stm32f3xx_hal_cortex.o
 .debug_line    0x0000000000007784      0xc47 ./Drivers/STM32F3xx_HAL_Driver/Src/stm32f3xx_hal_dma.o
 .debug_line    0x00000000000083cb      0xaa6 ./Drivers/STM32F3xx_HAL_Driver/Src/stm32f3xx_hal_gpio.o
 .debug_line    0x0000000000008e71     0x1336 ./Drivers/STM32F3xx_HAL_Driver/Src/stm32f3xx_hal_rcc.o
 .debug_line    0x000000000000a1a7      0x9fc ./Drivers/STM32F3xx_HAL_Driver/Src/stm32f3xx_hal_rcc_ex.o
 .debug_line    0x000000000000aba3     0x3b8d ./Drivers/STM32F3xx_HAL_Driver/Src/stm32f3xx_hal_tim.o
 .debug_line    0x000000000000e730     0x19cc ./Drivers/STM32F3xx_HAL_Driver/Src/stm32f3xx_hal_tim_ex.o

.debug_str      0x0000000000000000    0xa82d8
 .debug_str     0x0000000000000000    0xa46a9 ./Core/Src/deplacementActionneur.o
                                      0xa493c (size before relaxing)
 .debug_str     0x00000000000a46a9     0x1087 ./Core/Src/main.o
                                      0xa5ac0 (size before relaxing)
 .debug_str     0x00000000000a5730      0x158 ./Core/Src/motorActionneur.o
                                      0xa5097 (size before relaxing)
 .debug_str     0x00000000000a5888       0xd3 ./Core/Src/stm32f3xx_hal_msp.o
                                      0xa0d91 (size before relaxing)
 .debug_str     0x00000000000a595b      0x106 ./Core/Src/stm32f3xx_it.o
                                      0xa071c (size before relaxing)
 .debug_str     0x00000000000a5a61       0xdf ./Core/Src/system_stm32f3xx.o
                                      0xa014e (size before relaxing)
 .debug_str     0x00000000000a5b40       0x70 ./Core/Src/variableActionneur.o
                                      0xa4eca (size before relaxing)
 .debug_str     0x00000000000a5bb0       0x36 ./Core/Startup/startup_stm32f303k8tx.o
                                         0x7d (size before relaxing)
 .debug_str     0x00000000000a5be6      0x3a1 ./Drivers/STM32F3xx_HAL_Driver/Src/stm32f3xx_hal.o
                                      0xa083e (size before relaxing)
 .debug_str     0x00000000000a5f87      0x86d ./Drivers/STM32F3xx_HAL_Driver/Src/stm32f3xx_hal_adc_ex.o
                                      0xa0e44 (size before relaxing)
 .debug_str     0x00000000000a67f4      0x218 ./Drivers/STM32F3xx_HAL_Driver/Src/stm32f3xx_hal_cortex.o
                                      0xa0763 (size before relaxing)
 .debug_str     0x00000000000a6a0c      0x1ff ./Drivers/STM32F3xx_HAL_Driver/Src/stm32f3xx_hal_dma.o
                                      0xa0496 (size before relaxing)
 .debug_str     0x00000000000a6c0b      0x14e ./Drivers/STM32F3xx_HAL_Driver/Src/stm32f3xx_hal_gpio.o
                                      0xa032d (size before relaxing)
 .debug_str     0x00000000000a6d59      0x2d1 ./Drivers/STM32F3xx_HAL_Driver/Src/stm32f3xx_hal_rcc.o
                                      0xa05ee (size before relaxing)
 .debug_str     0x00000000000a702a       0xbe ./Drivers/STM32F3xx_HAL_Driver/Src/stm32f3xx_hal_rcc_ex.o
                                      0xa02ed (size before relaxing)
 .debug_str     0x00000000000a70e8      0xd14 ./Drivers/STM32F3xx_HAL_Driver/Src/stm32f3xx_hal_tim.o
                                      0xa1575 (size before relaxing)
 .debug_str     0x00000000000a7dfc      0x4dc ./Drivers/STM32F3xx_HAL_Driver/Src/stm32f3xx_hal_tim_ex.o
                                      0xa0dcb (size before relaxing)

.comment        0x0000000000000000       0x50
 .comment       0x0000000000000000       0x50 ./Core/Src/deplacementActionneur.o
                                         0x51 (size before relaxing)
 .comment       0x0000000000000050       0x51 ./Core/Src/main.o
 .comment       0x0000000000000050       0x51 ./Core/Src/motorActionneur.o
 .comment       0x0000000000000050       0x51 ./Core/Src/stm32f3xx_hal_msp.o
 .comment       0x0000000000000050       0x51 ./Core/Src/stm32f3xx_it.o
 .comment       0x0000000000000050       0x51 ./Core/Src/system_stm32f3xx.o
 .comment       0x0000000000000050       0x51 ./Core/Src/variableActionneur.o
 .comment       0x0000000000000050       0x51 ./Drivers/STM32F3xx_HAL_Driver/Src/stm32f3xx_hal.o
 .comment       0x0000000000000050       0x51 ./Drivers/STM32F3xx_HAL_Driver/Src/stm32f3xx_hal_adc_ex.o
 .comment       0x0000000000000050       0x51 ./Drivers/STM32F3xx_HAL_Driver/Src/stm32f3xx_hal_cortex.o
 .comment       0x0000000000000050       0x51 ./Drivers/STM32F3xx_HAL_Driver/Src/stm32f3xx_hal_dma.o
 .comment       0x0000000000000050       0x51 ./Drivers/STM32F3xx_HAL_Driver/Src/stm32f3xx_hal_gpio.o
 .comment       0x0000000000000050       0x51 ./Drivers/STM32F3xx_HAL_Driver/Src/stm32f3xx_hal_rcc.o
 .comment       0x0000000000000050       0x51 ./Drivers/STM32F3xx_HAL_Driver/Src/stm32f3xx_hal_rcc_ex.o
 .comment       0x0000000000000050       0x51 ./Drivers/STM32F3xx_HAL_Driver/Src/stm32f3xx_hal_tim.o
 .comment       0x0000000000000050       0x51 ./Drivers/STM32F3xx_HAL_Driver/Src/stm32f3xx_hal_tim_ex.o

.debug_frame    0x0000000000000000     0x34e0
 .debug_frame   0x0000000000000000       0x7c ./Core/Src/deplacementActionneur.o
 .debug_frame   0x000000000000007c      0x120 ./Core/Src/main.o
 .debug_frame   0x000000000000019c      0x154 ./Core/Src/motorActionneur.o
 .debug_frame   0x00000000000002f0       0xec ./Core/Src/stm32f3xx_hal_msp.o
 .debug_frame   0x00000000000003dc      0x13c ./Core/Src/stm32f3xx_it.o
 .debug_frame   0x0000000000000518       0x58 ./Core/Src/system_stm32f3xx.o
 .debug_frame   0x0000000000000570      0x2b4 ./Core/Src/variableActionneur.o
 .debug_frame   0x0000000000000824      0x334 ./Drivers/STM32F3xx_HAL_Driver/Src/stm32f3xx_hal.o
 .debug_frame   0x0000000000000b58      0x638 ./Drivers/STM32F3xx_HAL_Driver/Src/stm32f3xx_hal_adc_ex.o
 .debug_frame   0x0000000000001190      0x428 ./Drivers/STM32F3xx_HAL_Driver/Src/stm32f3xx_hal_cortex.o
 .debug_frame   0x00000000000015b8      0x224 ./Drivers/STM32F3xx_HAL_Driver/Src/stm32f3xx_hal_dma.o
 .debug_frame   0x00000000000017dc      0x14c ./Drivers/STM32F3xx_HAL_Driver/Src/stm32f3xx_hal_gpio.o
 .debug_frame   0x0000000000001928      0x214 ./Drivers/STM32F3xx_HAL_Driver/Src/stm32f3xx_hal_rcc.o
 .debug_frame   0x0000000000001b3c       0xb4 ./Drivers/STM32F3xx_HAL_Driver/Src/stm32f3xx_hal_rcc_ex.o
 .debug_frame   0x0000000000001bf0     0x121c ./Drivers/STM32F3xx_HAL_Driver/Src/stm32f3xx_hal_tim.o
 .debug_frame   0x0000000000002e0c      0x688 ./Drivers/STM32F3xx_HAL_Driver/Src/stm32f3xx_hal_tim_ex.o
 .debug_frame   0x0000000000003494       0x2c /opt/st/stm32cubeide_1.9.0/plugins/com.st.stm32cube.ide.mcu.externaltools.gnu-tools-for-stm32.10.3-2021.10.linux64_1.0.0.202111181127/tools/bin/../lib/gcc/arm-none-eabi/10.3.1/../../../../arm-none-eabi/lib/thumb/v7e-m+fp/hard/libc_nano.a(lib_a-init.o)
 .debug_frame   0x00000000000034c0       0x20 /opt/st/stm32cubeide_1.9.0/plugins/com.st.stm32cube.ide.mcu.externaltools.gnu-tools-for-stm32.10.3-2021.10.linux64_1.0.0.202111181127/tools/bin/../lib/gcc/arm-none-eabi/10.3.1/../../../../arm-none-eabi/lib/thumb/v7e-m+fp/hard/libc_nano.a(lib_a-memset.o)
