../Core/Src/servo.c:14:6:deplacementTest1	16	static
../Core/Src/servo.c:22:6:deplacementTest2	16	static
../Core/Src/servo.c:30:6:servo1Start	8	static
../Core/Src/servo.c:33:6:servo1Stop	8	static
../Core/Src/servo.c:36:6:servo2Start	8	static
../Core/Src/servo.c:39:6:servo2Stop	8	static
../Core/Src/servo.c:44:6:deplacement_servo_ventouse	24	static
../Core/Src/servo.c:52:6:deplacement_servo_courroie	24	static
../Core/Src/servo.c:62:6:servo3Start	8	static
../Core/Src/servo.c:65:6:servo3Stop	8	static
../Core/Src/servo.c:69:6:deplacement_servo_resistance	24	static
../Core/Src/servo.c:77:6:attendre	24	static
