../Core/Src/MPU6050.c:176:19:MPU6050_Read_Reg	32	static
../Core/Src/MPU6050.c:181:19:MPU6050_Write_Reg	32	static
../Core/Src/MPU6050.c:186:19:MPU6050_Read_Gyro	24	static
../Core/Src/MPU6050.c:191:19:MPU6050_Configure	16	static
../Core/Src/MPU6050.c:234:6:MPU6050_FSM	16	static
../Core/Src/MPU6050.c:294:6:MPU6050_Init	16	static
../Core/Src/MPU6050.c:304:6:MPU6050_Process	8	static
../Core/Src/MPU6050.c:309:6:MPU6050_Interrupt_Routine	4	static
../Core/Src/MPU6050.c:314:6:MPU6050_NewData	4	static
../Core/Src/MPU6050.c:319:7:MPU6050_GetData	16	static
../Core/Src/MPU6050.c:345:7:MPU6050_GetData_CF	8	static
../Core/Src/MPU6050.c:351:7:MPU6050_GetSampleRate	16	static
