../Core/Src/motorActionneur.c:28:6:HAL_TIM_PeriodElapsedCallback	32	static
../Core/Src/motorActionneur.c:72:6:start_generate	16	static
../Core/Src/motorActionneur.c:79:6:stop	24	static
../Core/Src/motorActionneur.c:90:6:emergency_stop	8	static
../Core/Src/motorActionneur.c:100:5:avance	24	static
../Core/Src/motorActionneur.c:115:6:motor_step	16	static
../Core/Src/motorActionneur.c:119:6:motor_dir	16	static
../Core/Src/motorActionneur.c:123:6:motor_en	16	static
../Core/Src/motorActionneur.c:127:6:motor_micro_step	16	static
