../Core/Src/motorActionneur.c:28:6:HAL_TIM_PeriodElapsedCallback	32	static
../Core/Src/motorActionneur.c:73:6:start_generate	16	static
../Core/Src/motorActionneur.c:80:6:stop	24	static
../Core/Src/motorActionneur.c:91:6:emergency_stop	8	static
../Core/Src/motorActionneur.c:102:5:avance	24	static
../Core/Src/motorActionneur.c:117:6:motor_step	16	static
../Core/Src/motorActionneur.c:121:6:motor_dir	16	static
../Core/Src/motorActionneur.c:125:6:motor_en	16	static
../Core/Src/motorActionneur.c:129:6:motor_micro_step	16	static
