../Core/Src/variableActionneur.c:149:10:get_length	4	static
../Core/Src/variableActionneur.c:153:6:set_length	16	static
../Core/Src/variableActionneur.c:157:11:get_arr	4	static
../Core/Src/variableActionneur.c:161:11:get_r_arr	4	static
../Core/Src/variableActionneur.c:165:10:get_tim_arr	4	static
../Core/Src/variableActionneur.c:169:21:get_deplacement_state	4	static
../Core/Src/variableActionneur.c:173:6:set_deplacement_state	16	static
../Core/Src/variableActionneur.c:177:12:get_position	4	static
../Core/Src/variableActionneur.c:181:6:set_position	16	static
../Core/Src/variableActionneur.c:185:12:get_next_position	4	static
../Core/Src/variableActionneur.c:188:6:set_next_position	16	static
../Core/Src/variableActionneur.c:192:10:get_target	4	static
../Core/Src/variableActionneur.c:196:6:set_target	16	static
../Core/Src/variableActionneur.c:200:6:reset_steps	4	static
../Core/Src/variableActionneur.c:204:6:count_steps	4	static
../Core/Src/variableActionneur.c:208:10:get_steps	4	static
../Core/Src/variableActionneur.c:212:10:get_steps_left	16	static
../Core/Src/variableActionneur.c:217:10:get_freq	16	static
../Core/Src/variableActionneur.c:222:7:time_left	24	static
