../Core/Src/main.c:110:5:main	56	static
../Core/Src/main.c:211:6:SystemClock_Config	96	static
../Core/Src/main.c:257:13:MX_ADC1_Init	48	static
../Core/Src/main.c:323:13:MX_CAN_Init	8	static
../Core/Src/main.c:360:13:MX_TIM2_Init	64	static
../Core/Src/main.c:419:13:MX_TIM3_Init	64	static
../Core/Src/main.c:478:13:MX_TIM6_Init	24	static
../Core/Src/main.c:514:13:MX_DMA_Init	16	static
../Core/Src/main.c:532:13:MX_GPIO_Init	40	static
../Core/Src/main.c:581:6:Error_Handler	4	static,ignoring_inline_asm
