main.c:92:6:CAN_Config	48	static
main.c:122:6:HAL_CAN_RxFifo0MsgPendingCallback	32	static
main.c:140:6:transmit	40	static
main.c:159:6:transmit2	48	static
main.c:185:5:main	8	static
main.c:249:6:SystemClock_Config	88	static
main.c:287:13:MX_CAN_Init	8	static
main.c:324:13:MX_TIM14_Init	40	static
main.c:370:13:MX_TIM15_Init	96	static
main.c:445:13:MX_GPIO_Init	48	static
main.c:466:6:stop	16	static
main.c:475:6:change_dir	16	static
main.c:484:6:change_step	16	static
main.c:507:6:Error_Handler	8	static,ignoring_inline_asm
