stm32f0xx_hal_can.c:274:19:HAL_CAN_Init	24	static
stm32f0xx_hal_can.c:433:19:HAL_CAN_DeInit	16	static
stm32f0xx_hal_can.c:478:13:HAL_CAN_MspInit	16	static
stm32f0xx_hal_can.c:493:13:HAL_CAN_MspDeInit	16	static
stm32f0xx_hal_can.c:808:19:HAL_CAN_ConfigFilter	32	static
stm32f0xx_hal_can.c:955:19:HAL_CAN_Start	24	static
stm32f0xx_hal_can.c:1001:19:HAL_CAN_Stop	24	static
stm32f0xx_hal_can.c:1050:19:HAL_CAN_RequestSleep	24	static
stm32f0xx_hal_can.c:1076:19:HAL_CAN_WakeUp	32	static
stm32f0xx_hal_can.c:1117:10:HAL_CAN_IsSleepActive	24	static
stm32f0xx_hal_can.c:1144:19:HAL_CAN_AddTxMessage	40	static
stm32f0xx_hal_can.c:1232:19:HAL_CAN_AbortTxRequest	24	static
stm32f0xx_hal_can.c:1274:10:HAL_CAN_GetTxMailboxesFreeLevel	24	static
stm32f0xx_hal_can.c:1311:10:HAL_CAN_IsTxMessagePending	24	static
stm32f0xx_hal_can.c:1341:10:HAL_CAN_GetTxTimestamp	32	static
stm32f0xx_hal_can.c:1381:19:HAL_CAN_GetRxMessage	32	static
stm32f0xx_hal_can.c:1487:10:HAL_CAN_GetRxFifoFillLevel	24	static
stm32f0xx_hal_can.c:1535:19:HAL_CAN_ActivateNotification	24	static
stm32f0xx_hal_can.c:1564:19:HAL_CAN_DeactivateNotification	24	static
stm32f0xx_hal_can.c:1591:6:HAL_CAN_IRQHandler	48	static
stm32f0xx_hal_can.c:1949:13:HAL_CAN_TxMailbox0CompleteCallback	16	static
stm32f0xx_hal_can.c:1965:13:HAL_CAN_TxMailbox1CompleteCallback	16	static
stm32f0xx_hal_can.c:1981:13:HAL_CAN_TxMailbox2CompleteCallback	16	static
stm32f0xx_hal_can.c:1997:13:HAL_CAN_TxMailbox0AbortCallback	16	static
stm32f0xx_hal_can.c:2013:13:HAL_CAN_TxMailbox1AbortCallback	16	static
stm32f0xx_hal_can.c:2029:13:HAL_CAN_TxMailbox2AbortCallback	16	static
stm32f0xx_hal_can.c:2045:13:HAL_CAN_RxFifo0MsgPendingCallback	16	static
stm32f0xx_hal_can.c:2061:13:HAL_CAN_RxFifo0FullCallback	16	static
stm32f0xx_hal_can.c:2077:13:HAL_CAN_RxFifo1MsgPendingCallback	16	static
stm32f0xx_hal_can.c:2093:13:HAL_CAN_RxFifo1FullCallback	16	static
stm32f0xx_hal_can.c:2109:13:HAL_CAN_SleepCallback	16	static
stm32f0xx_hal_can.c:2124:13:HAL_CAN_WakeUpFromRxMsgCallback	16	static
stm32f0xx_hal_can.c:2140:13:HAL_CAN_ErrorCallback	16	static
stm32f0xx_hal_can.c:2176:22:HAL_CAN_GetState	24	static
stm32f0xx_hal_can.c:2204:10:HAL_CAN_GetError	16	static
stm32f0xx_hal_can.c:2215:19:HAL_CAN_ResetError	24	static
