stm32f0xx_hal_pwr.c:75:6:HAL_PWR_DeInit	8	static
stm32f0xx_hal_pwr.c:87:6:HAL_PWR_EnableBkUpAccess	8	static
stm32f0xx_hal_pwr.c:98:6:HAL_PWR_DisableBkUpAccess	8	static
stm32f0xx_hal_pwr.c:228:6:HAL_PWR_EnableWakeUpPin	16	static
stm32f0xx_hal_pwr.c:242:6:HAL_PWR_DisableWakeUpPin	16	static
stm32f0xx_hal_pwr.c:264:6:HAL_PWR_EnterSLEEPMode	16	static,ignoring_inline_asm
stm32f0xx_hal_pwr.c:303:6:HAL_PWR_EnterSTOPMode	24	static,ignoring_inline_asm
stm32f0xx_hal_pwr.c:354:6:HAL_PWR_EnterSTANDBYMode	8	static,ignoring_inline_asm
stm32f0xx_hal_pwr.c:377:6:HAL_PWR_EnableSleepOnExit	8	static
stm32f0xx_hal_pwr.c:388:6:HAL_PWR_DisableSleepOnExit	8	static
stm32f0xx_hal_pwr.c:399:6:HAL_PWR_EnableSEVOnPend	8	static
stm32f0xx_hal_pwr.c:410:6:HAL_PWR_DisableSEVOnPend	8	static
