../Core/Src/Gyro.c:52:6:Gyro_Modulo	4	static
../Core/Src/Gyro.c:62:6:Gyro_TransformData	4	static
../Core/Src/Gyro.c:67:6:Gyro_GetData	8	static
../Core/Src/Gyro.c:73:16:Gyro_NewData	8	static
../Core/Src/Gyro.c:78:6:Gyro_ResetAccumulator	4	static
../Core/Src/Gyro.c:84:6:Gyro_Accumulate	16	static
../Core/Src/Gyro.c:94:6:Gyro_SetOffset	16	static
../Core/Src/Gyro.c:99:6:Gyro_Estimate	8	static
../Core/Src/Gyro.c:108:6:Gyro_FSM	8	static
../Core/Src/Gyro.c:173:6:Gyro_Init	16	static
../Core/Src/Gyro.c:181:6:Gyro_Process	8	static
../Core/Src/Gyro.c:186:6:Gyro_Calibrate	8	static
../Core/Src/Gyro.c:191:7:Gyro_isReady	4	static
../Core/Src/Gyro.c:196:7:Gyro_GetRot	4	static
../Core/Src/Gyro.c:201:6:Gyro_SetRot	16	static
../Core/Src/Gyro.c:206:7:Gyro_GetCalibrationAdvancement	4	static
